Archive member included to satisfy reference by file (symbol)

C:/Moje_pliki/Programy/STM/STM32CubeIDE/plugins/com.st.stm32cube.ide.mcu.externaltools.gnu-tools-for-stm32.12.3.rel1.win32_1.0.200.202406191623/tools/bin/../lib/gcc/arm-none-eabi/12.3.1/../../../../arm-none-eabi/lib/thumb/v7e-m+dp/hard\libc_nano.a(libc_a-exit.o)
                              C:/Moje_pliki/Programy/STM/STM32CubeIDE/plugins/com.st.stm32cube.ide.mcu.externaltools.gnu-tools-for-stm32.12.3.rel1.win32_1.0.200.202406191623/tools/bin/../lib/gcc/arm-none-eabi/12.3.1/../../../../arm-none-eabi/lib/thumb/v7e-m+dp/hard/crt0.o (exit)
C:/Moje_pliki/Programy/STM/STM32CubeIDE/plugins/com.st.stm32cube.ide.mcu.externaltools.gnu-tools-for-stm32.12.3.rel1.win32_1.0.200.202406191623/tools/bin/../lib/gcc/arm-none-eabi/12.3.1/../../../../arm-none-eabi/lib/thumb/v7e-m+dp/hard\libc_nano.a(libc_a-findfp.o)
                              C:/Moje_pliki/Programy/STM/STM32CubeIDE/plugins/com.st.stm32cube.ide.mcu.externaltools.gnu-tools-for-stm32.12.3.rel1.win32_1.0.200.202406191623/tools/bin/../lib/gcc/arm-none-eabi/12.3.1/../../../../arm-none-eabi/lib/thumb/v7e-m+dp/hard\libc_nano.a(libc_a-exit.o) (__stdio_exit_handler)
C:/Moje_pliki/Programy/STM/STM32CubeIDE/plugins/com.st.stm32cube.ide.mcu.externaltools.gnu-tools-for-stm32.12.3.rel1.win32_1.0.200.202406191623/tools/bin/../lib/gcc/arm-none-eabi/12.3.1/../../../../arm-none-eabi/lib/thumb/v7e-m+dp/hard\libc_nano.a(libc_a-fwalk.o)
                              C:/Moje_pliki/Programy/STM/STM32CubeIDE/plugins/com.st.stm32cube.ide.mcu.externaltools.gnu-tools-for-stm32.12.3.rel1.win32_1.0.200.202406191623/tools/bin/../lib/gcc/arm-none-eabi/12.3.1/../../../../arm-none-eabi/lib/thumb/v7e-m+dp/hard\libc_nano.a(libc_a-findfp.o) (_fwalk_sglue)
C:/Moje_pliki/Programy/STM/STM32CubeIDE/plugins/com.st.stm32cube.ide.mcu.externaltools.gnu-tools-for-stm32.12.3.rel1.win32_1.0.200.202406191623/tools/bin/../lib/gcc/arm-none-eabi/12.3.1/../../../../arm-none-eabi/lib/thumb/v7e-m+dp/hard\libc_nano.a(libc_a-stdio.o)
                              C:/Moje_pliki/Programy/STM/STM32CubeIDE/plugins/com.st.stm32cube.ide.mcu.externaltools.gnu-tools-for-stm32.12.3.rel1.win32_1.0.200.202406191623/tools/bin/../lib/gcc/arm-none-eabi/12.3.1/../../../../arm-none-eabi/lib/thumb/v7e-m+dp/hard\libc_nano.a(libc_a-findfp.o) (__sread)
C:/Moje_pliki/Programy/STM/STM32CubeIDE/plugins/com.st.stm32cube.ide.mcu.externaltools.gnu-tools-for-stm32.12.3.rel1.win32_1.0.200.202406191623/tools/bin/../lib/gcc/arm-none-eabi/12.3.1/../../../../arm-none-eabi/lib/thumb/v7e-m+dp/hard\libc_nano.a(libc_a-memset.o)
                              C:/Moje_pliki/Programy/STM/STM32CubeIDE/plugins/com.st.stm32cube.ide.mcu.externaltools.gnu-tools-for-stm32.12.3.rel1.win32_1.0.200.202406191623/tools/bin/../lib/gcc/arm-none-eabi/12.3.1/../../../../arm-none-eabi/lib/thumb/v7e-m+dp/hard/crt0.o (memset)
C:/Moje_pliki/Programy/STM/STM32CubeIDE/plugins/com.st.stm32cube.ide.mcu.externaltools.gnu-tools-for-stm32.12.3.rel1.win32_1.0.200.202406191623/tools/bin/../lib/gcc/arm-none-eabi/12.3.1/../../../../arm-none-eabi/lib/thumb/v7e-m+dp/hard\libc_nano.a(libc_a-closer.o)
                              C:/Moje_pliki/Programy/STM/STM32CubeIDE/plugins/com.st.stm32cube.ide.mcu.externaltools.gnu-tools-for-stm32.12.3.rel1.win32_1.0.200.202406191623/tools/bin/../lib/gcc/arm-none-eabi/12.3.1/../../../../arm-none-eabi/lib/thumb/v7e-m+dp/hard\libc_nano.a(libc_a-stdio.o) (_close_r)
C:/Moje_pliki/Programy/STM/STM32CubeIDE/plugins/com.st.stm32cube.ide.mcu.externaltools.gnu-tools-for-stm32.12.3.rel1.win32_1.0.200.202406191623/tools/bin/../lib/gcc/arm-none-eabi/12.3.1/../../../../arm-none-eabi/lib/thumb/v7e-m+dp/hard\libc_nano.a(libc_a-reent.o)
                              C:/Moje_pliki/Programy/STM/STM32CubeIDE/plugins/com.st.stm32cube.ide.mcu.externaltools.gnu-tools-for-stm32.12.3.rel1.win32_1.0.200.202406191623/tools/bin/../lib/gcc/arm-none-eabi/12.3.1/../../../../arm-none-eabi/lib/thumb/v7e-m+dp/hard\libc_nano.a(libc_a-closer.o) (errno)
C:/Moje_pliki/Programy/STM/STM32CubeIDE/plugins/com.st.stm32cube.ide.mcu.externaltools.gnu-tools-for-stm32.12.3.rel1.win32_1.0.200.202406191623/tools/bin/../lib/gcc/arm-none-eabi/12.3.1/../../../../arm-none-eabi/lib/thumb/v7e-m+dp/hard\libc_nano.a(libc_a-impure.o)
                              C:/Moje_pliki/Programy/STM/STM32CubeIDE/plugins/com.st.stm32cube.ide.mcu.externaltools.gnu-tools-for-stm32.12.3.rel1.win32_1.0.200.202406191623/tools/bin/../lib/gcc/arm-none-eabi/12.3.1/../../../../arm-none-eabi/lib/thumb/v7e-m+dp/hard\libc_nano.a(libc_a-reent.o) (_impure_ptr)
C:/Moje_pliki/Programy/STM/STM32CubeIDE/plugins/com.st.stm32cube.ide.mcu.externaltools.gnu-tools-for-stm32.12.3.rel1.win32_1.0.200.202406191623/tools/bin/../lib/gcc/arm-none-eabi/12.3.1/../../../../arm-none-eabi/lib/thumb/v7e-m+dp/hard\libc_nano.a(libc_a-lseekr.o)
[...]
Memory Configuration

Name             Origin             Length             Attributes
RAM              0x24000000         0x00071c00         xrw
RAM_NONCACHEABLEBUFFER 0x24071c00         0x00000400         xrw
ITCM             0x00000000         0x00010000         xrw
DTCM             0x20000000         0x00010000         rw
SRAMAHB          0x30000000         0x00008000         rw
BKPSRAM          0x38800000         0x00001000         rw
FLASH            0x70000000         0x08000000         xrw
*default*        0x00000000         0xffffffff

Linker script and memory map

LOAD C:/Moje_pliki/Programy/STM/STM32CubeIDE/plugins/com.st.stm32cube.ide.mcu.externaltools.gnu-tools-for-stm32.12.3.rel1.win32_1.0.200.202406191623/tools/bin/../lib/gcc/arm-none-eabi/12.3.1/thumb/v7e-m+dp/hard/crti.o
LOAD C:/Moje_pliki/Programy/STM/STM32CubeIDE/plugins/com.st.stm32cube.ide.mcu.externaltools.gnu-tools-for-stm32.12.3.rel1.win32_1.0.200.202406191623/tools/bin/../lib/gcc/arm-none-eabi/12.3.1/thumb/v7e-m+dp/hard/crtbegin.o
LOAD C:/Moje_pliki/Programy/STM/STM32CubeIDE/plugins/com.st.stm32cube.ide.mcu.externaltools.gnu-tools-for-stm32.12.3.rel1.win32_1.0.200.202406191623/tools/bin/../lib/gcc/arm-none-eabi/12.3.1/../../../../arm-none-eabi/lib/thumb/v7e-m+dp/hard/crt0.o
LOAD ./Core/Src/gpio.o
LOAD ./Core/Src/main.o
LOAD ./Core/Src/stm32h7rsxx_hal_msp.o
LOAD ./Core/Src/stm32h7rsxx_it.o
LOAD ./Core/Src/syscalls.o
LOAD ./Core/Src/sysmem.o
LOAD ./Core/Src/system_stm32h7rsxx.o
LOAD ./Core/Startup/startup_stm32h7s3l8hx.o
LOAD ./Drivers/BSP/STM32H7xx_Nucleo/stm32h7rsxx_nucleo.o
LOAD ./Drivers/STM32H7RSxx_HAL_Driver/stm32h7rsxx_hal.o
LOAD ./Drivers/STM32H7RSxx_HAL_Driver/stm32h7rsxx_hal_cortex.o
LOAD ./Drivers/STM32H7RSxx_HAL_Driver/stm32h7rsxx_hal_dma.o
LOAD ./Drivers/STM32H7RSxx_HAL_Driver/stm32h7rsxx_hal_dma_ex.o
LOAD ./Drivers/STM32H7RSxx_HAL_Driver/stm32h7rsxx_hal_exti.o
LOAD ./Drivers/STM32H7RSxx_HAL_Driver/stm32h7rsxx_hal_flash.o
LOAD ./Drivers/STM32H7RSxx_HAL_Driver/stm32h7rsxx_hal_flash_ex.o
LOAD ./Drivers/STM32H7RSxx_HAL_Driver/stm32h7rsxx_hal_gpio.o
LOAD ./Drivers/STM32H7RSxx_HAL_Driver/stm32h7rsxx_hal_pwr.o
LOAD ./Drivers/STM32H7RSxx_HAL_Driver/stm32h7rsxx_hal_pwr_ex.o
LOAD ./Drivers/STM32H7RSxx_HAL_Driver/stm32h7rsxx_hal_rcc.o
LOAD ./Drivers/STM32H7RSxx_HAL_Driver/stm32h7rsxx_hal_rcc_ex.o
LOAD ./Drivers/STM32H7RSxx_HAL_Driver/stm32h7rsxx_hal_tim.o
LOAD ./Drivers/STM32H7RSxx_HAL_Driver/stm32h7rsxx_hal_tim_ex.o
LOAD ./Drivers/STM32H7RSxx_HAL_Driver/stm32h7rsxx_hal_uart.o
LOAD ./Drivers/STM32H7RSxx_HAL_Driver/stm32h7rsxx_hal_uart_ex.o
LOAD ./Drivers/STM32H7RSxx_HAL_Driver/stm32h7rsxx_hal_usart.o
LOAD ./Drivers/STM32H7RSxx_HAL_Driver/stm32h7rsxx_hal_usart_ex.o
START GROUP
LOAD C:/Moje_pliki/Programy/STM/STM32CubeIDE/plugins/com.st.stm32cube.ide.mcu.externaltools.gnu-tools-for-stm32.12.3.rel1.win32_1.0.200.202406191623/tools/bin/../lib/gcc/arm-none-eabi/12.3.1/../../../../arm-none-eabi/lib/thumb/v7e-m+dp/hard\libc_nano.a
LOAD C:/Moje_pliki/Programy/STM/STM32CubeIDE/plugins/com.st.stm32cube.ide.mcu.externaltools.gnu-tools-for-stm32.12.3.rel1.win32_1.0.200.202406191623/tools/bin/../lib/gcc/arm-none-eabi/12.3.1/../../../../arm-none-eabi/lib/thumb/v7e-m+dp/hard\libm.a
END GROUP
START GROUP
LOAD C:/Moje_pliki/Programy/STM/STM32CubeIDE/plugins/com.st.stm32cube.ide.mcu.externaltools.gnu-tools-for-stm32.12.3.rel1.win32_1.0.200.202406191623/tools/bin/../lib/gcc/arm-none-eabi/12.3.1/thumb/v7e-m+dp/hard\libgcc.a
LOAD C:/Moje_pliki/Programy/STM/STM32CubeIDE/plugins/com.st.stm32cube.ide.mcu.externaltools.gnu-tools-for-stm32.12.3.rel1.win32_1.0.200.202406191623/tools/bin/../lib/gcc/arm-none-eabi/12.3.1/../../../../arm-none-eabi/lib/thumb/v7e-m+dp/hard\libc_nano.a
END GROUP
START GROUP
LOAD C:/Moje_pliki/Programy/STM/STM32CubeIDE/plugins/com.st.stm32cube.ide.mcu.externaltools.gnu-tools-for-stm32.12.3.rel1.win32_1.0.200.202406191623/tools/bin/../lib/gcc/arm-none-eabi/12.3.1/thumb/v7e-m+dp/hard\libgcc.a
LOAD C:/Moje_pliki/Programy/STM/STM32CubeIDE/plugins/com.st.stm32cube.ide.mcu.externaltools.gnu-tools-for-stm32.12.3.rel1.win32_1.0.200.202406191623/tools/bin/../lib/gcc/arm-none-eabi/12.3.1/../../../../arm-none-eabi/lib/thumb/v7e-m+dp/hard\libc_nano.a
LOAD C:/Moje_pliki/Programy/STM/STM32CubeIDE/plugins/com.st.stm32cube.ide.mcu.externaltools.gnu-tools-for-stm32.12.3.rel1.win32_1.0.200.202406191623/tools/bin/../lib/gcc/arm-none-eabi/12.3.1/../../../../arm-none-eabi/lib/thumb/v7e-m+dp/hard\libnosys.a
END GROUP
START GROUP
LOAD C:/Moje_pliki/Programy/STM/STM32CubeIDE/plugins/com.st.stm32cube.ide.mcu.externaltools.gnu-tools-for-stm32.12.3.rel1.win32_1.0.200.202406191623/tools/bin/../lib/gcc/arm-none-eabi/12.3.1/thumb/v7e-m+dp/hard\libgcc.a
LOAD C:/Moje_pliki/Programy/STM/STM32CubeIDE/plugins/com.st.stm32cube.ide.mcu.externaltools.gnu-tools-for-stm32.12.3.rel1.win32_1.0.200.202406191623/tools/bin/../lib/gcc/arm-none-eabi/12.3.1/../../../../arm-none-eabi/lib/thumb/v7e-m+dp/hard\libc_nano.a
LOAD C:/Moje_pliki/Programy/STM/STM32CubeIDE/plugins/com.st.stm32cube.ide.mcu.externaltools.gnu-tools-for-stm32.12.3.rel1.win32_1.0.200.202406191623/tools/bin/../lib/gcc/arm-none-eabi/12.3.1/../../../../arm-none-eabi/lib/thumb/v7e-m+dp/hard\libnosys.a
END GROUP
LOAD C:/Moje_pliki/Programy/STM/STM32CubeIDE/plugins/com.st.stm32cube.ide.mcu.externaltools.gnu-tools-for-stm32.12.3.rel1.win32_1.0.200.202406191623/tools/bin/../lib/gcc/arm-none-eabi/12.3.1/thumb/v7e-m+dp/hard/crtend.o
LOAD C:/Moje_pliki/Programy/STM/STM32CubeIDE/plugins/com.st.stm32cube.ide.mcu.externaltools.gnu-tools-for-stm32.12.3.rel1.win32_1.0.200.202406191623/tools/bin/../lib/gcc/arm-none-eabi/12.3.1/thumb/v7e-m+dp/hard/crtn.o
                0x20010000                        _estack = (ORIGIN (DTCM) + LENGTH (DTCM))
                0x00000200                        _Min_Heap_Size = 0x200
                0x00000400                        _Min_Stack_Size = 0x400
                0x70000000                        __FLASH_BEGIN = 0x70000000
                0x08000000                        __FLASH_SIZE = 0x8000000
                0x24000000                        __RAM_BEGIN = 0x24000000
                0x00071c00                        __RAM_SIZE = 0x71c00
                0x00000400                        __RAM_NONCACHEABLEBUFFER_SIZE = 0x400

.isr_vector     0x70000000      0x2b0
                0x70000000                        . = ALIGN (0x4)
 *(.isr_vector)
 .isr_vector    0x70000000      0x2b0 ./Core/Startup/startup_stm32h7s3l8hx.o
                0x70000000                g_pfnVectors
                0x700002b0                        . = ALIGN (0x4)

.text           0x700002b0     0x2b7c
                0x700002b0                        . = ALIGN (0x4)
 *(.text)
 .text          0x700002b0       0x40 C:/Moje_pliki/Programy/STM/STM32CubeIDE/plugins/com.st.stm32cube.ide.mcu.externaltools.gnu-tools-for-stm32.12.3.rel1.win32_1.0.200.202406191623/tools/bin/../lib/gcc/arm-none-eabi/12.3.1/thumb/v7e-m+dp/hard/crtbegin.o
 .text          0x700002f0       0x30 C:/Moje_pliki/Programy/STM/STM32CubeIDE/plugins/com.st.stm32cube.ide.mcu.externaltools.gnu-tools-for-stm32.12.3.rel1.win32_1.0.200.202406191623/tools/bin/../lib/gcc/arm-none-eabi/12.3.1/thumb/v7e-m+dp/hard\libgcc.a(_aeabi_uldivmod.o)
                0x700002f0                __aeabi_uldivmod
 .text          0x70000320      0x2bc C:/Moje_pliki/Programy/STM/STM32CubeIDE/plugins/com.st.stm32cube.ide.mcu.externaltools.gnu-tools-for-stm32.12.3.rel1.win32_1.0.200.202406191623/tools/bin/../lib/gcc/arm-none-eabi/12.3.1/thumb/v7e-m+dp/hard\libgcc.a(_udivmoddi4.o)
                0x70000320                __udivmoddi4
 .text          0x700005dc        0x4 C:/Moje_pliki/Programy/STM/STM32CubeIDE/plugins/com.st.stm32cube.ide.mcu.externaltools.gnu-tools-for-stm32.12.3.rel1.win32_1.0.200.202406191623/tools/bin/../lib/gcc/arm-none-eabi/12.3.1/thumb/v7e-m+dp/hard\libgcc.a(_dvmd_tls.o)
                0x700005dc                __aeabi_idiv0
                0x700005dc                __aeabi_ldiv0
 *(.text*)
 .text.MX_GPIO_Init
                0x700005e0      0x144 ./Core/Src/gpio.o
                0x700005e0                MX_GPIO_Init
 .text.main     0x70000724      0x1bc ./Core/Src/main.o
                0x70000724                main
 .text.HUB75_Init
                0x700008e0       0x3c ./Core/Src/main.o
                0x700008e0                HUB75_Init
 .text.HUB75_SendRowData
                0x7000091c      0x1e4 ./Core/Src/main.o
                0x7000091c                HUB75_SendRowData
 .text.Paint_NewImage
                0x70000b00       0x20 ./Core/Src/main.o
                0x70000b00                Paint_NewImage
 .text.DrawPixel
                0x70000b20       0x70 ./Core/Src/main.o
                0x70000b20                DrawPixel
 .text.DWT_Init
                0x70000b90       0x40 ./Core/Src/main.o
                0x70000b90                DWT_Init
 .text.DelayUs  0x70000bd0       0x48 ./Core/Src/main.o
                0x70000bd0                DelayUs
 .text.Error_Handler
                0x70000c18        0xc ./Core/Src/main.o
                0x70000c18                Error_Handler
 .text.HAL_MspInit
                0x70000c24        0xe ./Core/Src/stm32h7rsxx_hal_msp.o
                0x70000c24                HAL_MspInit
 .text.NMI_Handler
                0x70000c32        0x8 ./Core/Src/stm32h7rsxx_it.o
                0x70000c32                NMI_Handler
 .text.HardFault_Handler
                0x70000c3a        0x8 ./Core/Src/stm32h7rsxx_it.o
                0x70000c3a                HardFault_Handler
 .text.MemManage_Handler
                0x70000c42        0x8 ./Core/Src/stm32h7rsxx_it.o
                0x70000c42                MemManage_Handler
 .text.BusFault_Handler
                0x70000c4a        0x8 ./Core/Src/stm32h7rsxx_it.o
                0x70000c4a                BusFault_Handler
 .text.UsageFault_Handler
                0x70000c52        0x8 ./Core/Src/stm32h7rsxx_it.o
                0x70000c52                UsageFault_Handler
 .text.SVC_Handler
                0x70000c5a        0xe ./Core/Src/stm32h7rsxx_it.o
                0x70000c5a                SVC_Handler
 .text.DebugMon_Handler
                0x70000c68        0xe ./Core/Src/stm32h7rsxx_it.o
                0x70000c68                DebugMon_Handler
 .text.PendSV_Handler
                0x70000c76        0xe ./Core/Src/stm32h7rsxx_it.o
                0x70000c76                PendSV_Handler
 .text.SysTick_Handler
                0x70000c84        0xc ./Core/Src/stm32h7rsxx_it.o
                0x70000c84                SysTick_Handler
 .text.EXTI13_IRQHandler
                0x70000c90        0xe ./Core/Src/stm32h7rsxx_it.o
                0x70000c90                EXTI13_IRQHandler
 *fill*         0x70000c9e        0x2 
 .text.SystemInit
                0x70000ca0       0x2c ./Core/Src/system_stm32h7rsxx.o
                0x70000ca0                SystemInit
 .text.SystemCoreClockUpdate
                0x70000ccc      0x270 ./Core/Src/system_stm32h7rsxx.o
                0x70000ccc                SystemCoreClockUpdate
 .text.Reset_Handler
                0x70000f3c       0x50 ./Core/Startup/startup_stm32h7s3l8hx.o
                0x70000f3c                Reset_Handler
 .text.Default_Handler
                0x70000f8c        0x2 ./Core/Startup/startup_stm32h7s3l8hx.o
                0x70000f8c                HPDMA1_Channel13_IRQHandler
                0x70000f8c                EXTI2_IRQHandler
                0x70000f8c                MCE2_IRQHandler
                0x70000f8c                SAI1_A_IRQHandler
                0x70000f8c                EXTI5_IRQHandler
                0x70000f8c                I3C1_ER_IRQHandler
                0x70000f8c                UART8_IRQHandler
                0x70000f8c                SPI4_IRQHandler
                0x70000f8c                TIM1_CC_IRQHandler
                0x70000f8c                XSPI1_IRQHandler
                0x70000f8c                JPEG_IRQHandler
                0x70000f8c                TAMP_IRQHandler
                0x70000f8c                TIM6_IRQHandler
                0x70000f8c                EXTI12_IRQHandler
                0x70000f8c                CORDIC_IRQHandler
                0x70000f8c                GFXTIM_IRQHandler
                0x70000f8c                EXTI3_IRQHandler
                0x70000f8c                LPTIM4_IRQHandler
                0x70000f8c                GPDMA1_Channel5_IRQHandler
                0x70000f8c                EXTI8_IRQHandler
                0x70000f8c                LPTIM2_IRQHandler
                0x70000f8c                GFXMMU_IRQHandler
                0x70000f8c                I2C3_ER_IRQHandler
                0x70000f8c                LPTIM3_IRQHandler
                0x70000f8c                SAI2_A_IRQHandler
                0x70000f8c                EXTI0_IRQHandler
                0x70000f8c                HPDMA1_Channel9_IRQHandler
                0x70000f8c                I2C2_EV_IRQHandler
                0x70000f8c                FPU_IRQHandler
                0x70000f8c                GPDMA1_Channel3_IRQHandler
                0x70000f8c                GPDMA1_Channel7_IRQHandler
                0x70000f8c                FDCAN1_IT1_IRQHandler
                0x70000f8c                HPDMA1_Channel3_IRQHandler
                0x70000f8c                ADC1_2_IRQHandler
                0x70000f8c                GPDMA1_Channel9_IRQHandler
                0x70000f8c                SPI1_IRQHandler
                0x70000f8c                SAI1_B_IRQHandler
                0x70000f8c                GPDMA1_Channel2_IRQHandler
                0x70000f8c                I3C1_WKUP_IRQHandler
                0x70000f8c                PKA_IRQHandler
                0x70000f8c                HPDMA1_Channel2_IRQHandler
                0x70000f8c                EXTI15_IRQHandler
                0x70000f8c                TIM17_IRQHandler
                0x70000f8c                USART3_IRQHandler
                0x70000f8c                HPDMA1_Channel6_IRQHandler
                0x70000f8c                CRYP_IRQHandler
                0x70000f8c                RTC_IRQHandler
                0x70000f8c                XSPI2_IRQHandler
                0x70000f8c                EXTI9_IRQHandler
                0x70000f8c                HPDMA1_Channel0_IRQHandler
                0x70000f8c                LPTIM5_IRQHandler
                0x70000f8c                HPDMA1_Channel1_IRQHandler
                0x70000f8c                UART5_IRQHandler
                0x70000f8c                TIM4_IRQHandler
                0x70000f8c                I2C1_EV_IRQHandler
                0x70000f8c                GPDMA1_Channel12_IRQHandler
                0x70000f8c                HPDMA1_Channel7_IRQHandler
                0x70000f8c                GPDMA1_Channel1_IRQHandler
                0x70000f8c                TIM16_IRQHandler
                0x70000f8c                GPDMA1_Channel15_IRQHandler
                0x70000f8c                UART4_IRQHandler
                0x70000f8c                TIM3_IRQHandler
                0x70000f8c                RCC_IRQHandler
                0x70000f8c                TIM1_TRG_COM_IRQHandler
                0x70000f8c                SAI2_B_IRQHandler
                0x70000f8c                Default_Handler
                0x70000f8c                GPDMA1_Channel8_IRQHandler
                0x70000f8c                HPDMA1_Channel8_IRQHandler
                0x70000f8c                CEC_IRQHandler
                0x70000f8c                TIM14_IRQHandler
                0x70000f8c                TIM13_IRQHandler
                0x70000f8c                GPDMA1_Channel11_IRQHandler
                0x70000f8c                SPI5_IRQHandler
                0x70000f8c                TIM12_IRQHandler
                0x70000f8c                TIM7_IRQHandler
                0x70000f8c                HPDMA1_Channel10_IRQHandler
                0x70000f8c                SDMMC1_IRQHandler
                0x70000f8c                SAES_IRQHandler
                0x70000f8c                TIM5_IRQHandler
                0x70000f8c                UCPD1_IRQHandler
                0x70000f8c                GPDMA1_Channel0_IRQHandler
                0x70000f8c                I3C1_EV_IRQHandler
                0x70000f8c                HPDMA1_Channel5_IRQHandler
                0x70000f8c                TIM15_IRQHandler
                0x70000f8c                I2C3_EV_IRQHandler
                0x70000f8c                HPDMA1_Channel4_IRQHandler
                0x70000f8c                HPDMA1_Channel15_IRQHandler
                0x70000f8c                TIM9_IRQHandler
                0x70000f8c                SPDIF_RX_IRQHandler
                0x70000f8c                PVD_PVM_IRQHandler
                0x70000f8c                SPI2_IRQHandler
                0x70000f8c                HPDMA1_Channel11_IRQHandler
                0x70000f8c                EXTI14_IRQHandler
                0x70000f8c                EXTI11_IRQHandler
                0x70000f8c                CRS_IRQHandler
                0x70000f8c                GPDMA1_Channel14_IRQHandler
                0x70000f8c                EXTI4_IRQHandler
                0x70000f8c                GPDMA1_Channel13_IRQHandler
                0x70000f8c                RNG_IRQHandler
                0x70000f8c                FDCAN2_IT1_IRQHandler
                0x70000f8c                ETH_IRQHandler
                0x70000f8c                TIM1_UP_IRQHandler
                0x70000f8c                WWDG_IRQHandler
                0x70000f8c                SPI6_IRQHandler
                0x70000f8c                MDIOS_IRQHandler
                0x70000f8c                FDCAN2_IT0_IRQHandler
                0x70000f8c                IWDG_IRQHandler
                0x70000f8c                HPDMA1_Channel14_IRQHandler
                0x70000f8c                LPUART1_IRQHandler
                0x70000f8c                FDCAN1_IT0_IRQHandler
                0x70000f8c                TIM2_IRQHandler
                0x70000f8c                PSSI_IRQHandler
                0x70000f8c                MCE3_IRQHandler
                0x70000f8c                GPDMA1_Channel4_IRQHandler
                0x70000f8c                OTG_HS_IRQHandler
                0x70000f8c                EXTI7_IRQHandler
                0x70000f8c                DMA2D_IRQHandler
                0x70000f8c                TIM1_BRK_IRQHandler
                0x70000f8c                EXTI1_IRQHandler
                0x70000f8c                SDMMC2_IRQHandler
                0x70000f8c                UART7_IRQHandler
                0x70000f8c                DTS_IRQHandler
                0x70000f8c                USART2_IRQHandler
                0x70000f8c                GPDMA1_Channel6_IRQHandler
                0x70000f8c                ADF1_FLT0_IRQHandler
                0x70000f8c                RAMECC_IRQHandler
                0x70000f8c                I2C2_ER_IRQHandler
                0x70000f8c                MCE1_IRQHandler
                0x70000f8c                HPDMA1_Channel12_IRQHandler
                0x70000f8c                FLASH_IRQHandler
                0x70000f8c                USART1_IRQHandler
                0x70000f8c                EXTI10_IRQHandler
                0x70000f8c                OTG_FS_IRQHandler
                0x70000f8c                SPI3_IRQHandler
                0x70000f8c                WAKEUP_PIN_IRQHandler
                0x70000f8c                DCMIPP_IRQHandler
                0x70000f8c                I2C1_ER_IRQHandler
                0x70000f8c                FMC_IRQHandler
                0x70000f8c                EXTI6_IRQHandler
                0x70000f8c                LPTIM1_IRQHandler
                0x70000f8c                GPDMA1_Channel10_IRQHandler
                0x70000f8c                HASH_IRQHandler
 *fill*         0x70000f8e        0x2 
 .text.BSP_LED_Init
                0x70000f90       0xc4 ./Drivers/BSP/STM32H7xx_Nucleo/stm32h7rsxx_nucleo.o
                0x70000f90                BSP_LED_Init
 .text.BSP_LED_Off
                0x70001054       0x34 ./Drivers/BSP/STM32H7xx_Nucleo/stm32h7rsxx_nucleo.o
                0x70001054                BSP_LED_Off
 .text.BSP_PB_Init
                0x70001088      0x15c ./Drivers/BSP/STM32H7xx_Nucleo/stm32h7rsxx_nucleo.o
                0x70001088                BSP_PB_Init
 .text.BSP_PB_Callback
                0x700011e4       0x16 ./Drivers/BSP/STM32H7xx_Nucleo/stm32h7rsxx_nucleo.o
                0x700011e4                BSP_PB_Callback
 *fill*         0x700011fa        0x2 
 .text.BSP_PB_IRQHandler
                0x700011fc       0x24 ./Drivers/BSP/STM32H7xx_Nucleo/stm32h7rsxx_nucleo.o
                0x700011fc                BSP_PB_IRQHandler
 .text.BSP_COM_Init
                0x70001220       0xa0 ./Drivers/BSP/STM32H7xx_Nucleo/stm32h7rsxx_nucleo.o
                0x70001220                BSP_COM_Init
 .text.BUTTON_USER_EXTI_Callback
                0x700012c0        0xe ./Drivers/BSP/STM32H7xx_Nucleo/stm32h7rsxx_nucleo.o
 *fill*         0x700012ce        0x2 
 .text.MX_USART3_Init
                0x700012d0       0x68 ./Drivers/BSP/STM32H7xx_Nucleo/stm32h7rsxx_nucleo.o
                0x700012d0                MX_USART3_Init
 .text.UART_MspInit
                0x70001338      0x124 ./Drivers/BSP/STM32H7xx_Nucleo/stm32h7rsxx_nucleo.o
 .text.HAL_Init
                0x7000145c       0x30 ./Drivers/STM32H7RSxx_HAL_Driver/stm32h7rsxx_hal.o
                0x7000145c                HAL_Init
 .text.HAL_InitTick
                0x7000148c       0x78 ./Drivers/STM32H7RSxx_HAL_Driver/stm32h7rsxx_hal.o
                0x7000148c                HAL_InitTick
 .text.HAL_IncTick
                0x70001504       0x28 ./Drivers/STM32H7RSxx_HAL_Driver/stm32h7rsxx_hal.o
                0x70001504                HAL_IncTick
 .text.HAL_GetTick
                0x7000152c       0x18 ./Drivers/STM32H7RSxx_HAL_Driver/stm32h7rsxx_hal.o
                0x7000152c                HAL_GetTick
 .text.HAL_Delay
                0x70001544       0x48 ./Drivers/STM32H7RSxx_HAL_Driver/stm32h7rsxx_hal.o
                0x70001544                HAL_Delay
 .text.__NVIC_SetPriorityGrouping
                0x7000158c       0x48 ./Drivers/STM32H7RSxx_HAL_Driver/stm32h7rsxx_hal_cortex.o
 .text.__NVIC_GetPriorityGrouping
                0x700015d4       0x1c ./Drivers/STM32H7RSxx_HAL_Driver/stm32h7rsxx_hal_cortex.o
 .text.__NVIC_EnableIRQ
                0x700015f0       0x3c ./Drivers/STM32H7RSxx_HAL_Driver/stm32h7rsxx_hal_cortex.o
 .text.__NVIC_SetPriority
                0x7000162c       0x54 ./Drivers/STM32H7RSxx_HAL_Driver/stm32h7rsxx_hal_cortex.o
 .text.NVIC_EncodePriority
                0x70001680       0x66 ./Drivers/STM32H7RSxx_HAL_Driver/stm32h7rsxx_hal_cortex.o
 *fill*         0x700016e6        0x2 
 .text.SysTick_Config
                0x700016e8       0x44 ./Drivers/STM32H7RSxx_HAL_Driver/stm32h7rsxx_hal_cortex.o
 .text.HAL_NVIC_SetPriorityGrouping
                0x7000172c       0x16 ./Drivers/STM32H7RSxx_HAL_Driver/stm32h7rsxx_hal_cortex.o
                0x7000172c                HAL_NVIC_SetPriorityGrouping
 .text.HAL_NVIC_SetPriority
                0x70001742       0x34 ./Drivers/STM32H7RSxx_HAL_Driver/stm32h7rsxx_hal_cortex.o
                0x70001742                HAL_NVIC_SetPriority
 .text.HAL_NVIC_EnableIRQ
                0x70001776       0x1c ./Drivers/STM32H7RSxx_HAL_Driver/stm32h7rsxx_hal_cortex.o
                0x70001776                HAL_NVIC_EnableIRQ
 .text.HAL_SYSTICK_Config
                0x70001792       0x18 ./Drivers/STM32H7RSxx_HAL_Driver/stm32h7rsxx_hal_cortex.o
                0x70001792                HAL_SYSTICK_Config
 .text.HAL_EXTI_RegisterCallback
                0x700017aa       0x34 ./Drivers/STM32H7RSxx_HAL_Driver/stm32h7rsxx_hal_exti.o
                0x700017aa                HAL_EXTI_RegisterCallback
 .text.HAL_EXTI_GetHandle
                0x700017de       0x28 ./Drivers/STM32H7RSxx_HAL_Driver/stm32h7rsxx_hal_exti.o
                0x700017de                HAL_EXTI_GetHandle
 *fill*         0x70001806        0x2 
 .text.HAL_EXTI_IRQHandler
                0x70001808       0x60 ./Drivers/STM32H7RSxx_HAL_Driver/stm32h7rsxx_hal_exti.o
                0x70001808                HAL_EXTI_IRQHandler
 .text.HAL_GPIO_Init
                0x70001868      0x2ac ./Drivers/STM32H7RSxx_HAL_Driver/stm32h7rsxx_hal_gpio.o
                0x70001868                HAL_GPIO_Init
 .text.HAL_GPIO_WritePin
                0x70001b14       0x30 ./Drivers/STM32H7RSxx_HAL_Driver/stm32h7rsxx_hal_gpio.o
                0x70001b14                HAL_GPIO_WritePin
 .text.HAL_GPIO_TogglePin
                0x70001b44       0x34 ./Drivers/STM32H7RSxx_HAL_Driver/stm32h7rsxx_hal_gpio.o
                0x70001b44                HAL_GPIO_TogglePin
 .text.HAL_RCC_GetSysClockFreq
                0x70001b78      0x2cc ./Drivers/STM32H7RSxx_HAL_Driver/stm32h7rsxx_hal_rcc.o
                0x70001b78                HAL_RCC_GetSysClockFreq
 .text.HAL_RCC_GetHCLKFreq
                0x70001e44       0x50 ./Drivers/STM32H7RSxx_HAL_Driver/stm32h7rsxx_hal_rcc.o
                0x70001e44                HAL_RCC_GetHCLKFreq
 .text.HAL_RCC_GetPCLK1Freq
                0x70001e94       0x38 ./Drivers/STM32H7RSxx_HAL_Driver/stm32h7rsxx_hal_rcc.o
                0x70001e94                HAL_RCC_GetPCLK1Freq
 .text.HAL_RCC_GetPCLK2Freq
                0x70001ecc       0x38 ./Drivers/STM32H7RSxx_HAL_Driver/stm32h7rsxx_hal_rcc.o
                0x70001ecc                HAL_RCC_GetPCLK2Freq
 .text.HAL_RCC_GetPCLK4Freq
                0x70001f04       0x38 ./Drivers/STM32H7RSxx_HAL_Driver/stm32h7rsxx_hal_rcc.o
                0x70001f04                HAL_RCC_GetPCLK4Freq
 .text.HAL_RCC_GetPLL2QFreq
                0x70001f3c       0x2c ./Drivers/STM32H7RSxx_HAL_Driver/stm32h7rsxx_hal_rcc.o
                0x70001f3c                HAL_RCC_GetPLL2QFreq
 .text.HAL_RCC_GetPLL3QFreq
                0x70001f68       0x2c ./Drivers/STM32H7RSxx_HAL_Driver/stm32h7rsxx_hal_rcc.o
                0x70001f68                HAL_RCC_GetPLL3QFreq
 .text.RCC_PLL2_GetVCOOutputFreq
                0x70001f94      0x10c ./Drivers/STM32H7RSxx_HAL_Driver/stm32h7rsxx_hal_rcc.o
 .text.RCC_PLL3_GetVCOOutputFreq
                0x700020a0      0x10c ./Drivers/STM32H7RSxx_HAL_Driver/stm32h7rsxx_hal_rcc.o
 .text.HAL_UART_Init
                0x700021ac       0xa0 ./Drivers/STM32H7RSxx_HAL_Driver/stm32h7rsxx_hal_uart.o
                0x700021ac                HAL_UART_Init
 .text.HAL_UART_MspInit
                0x7000224c       0x14 ./Drivers/STM32H7RSxx_HAL_Driver/stm32h7rsxx_hal_uart.o
                0x7000224c                HAL_UART_MspInit
 .text.UART_SetConfig
                0x70002260      0x72c ./Drivers/STM32H7RSxx_HAL_Driver/stm32h7rsxx_hal_uart.o
                0x70002260                UART_SetConfig
 .text.UART_AdvFeatureConfig
                0x7000298c      0x144 ./Drivers/STM32H7RSxx_HAL_Driver/stm32h7rsxx_hal_uart.o
                0x7000298c                UART_AdvFeatureConfig
 .text.UART_CheckIdleState
                0x70002ad0      0x154 ./Drivers/STM32H7RSxx_HAL_Driver/stm32h7rsxx_hal_uart.o
                0x70002ad0                UART_CheckIdleState
 .text.UART_WaitOnFlagUntilTimeout
                0x70002c24       0xda ./Drivers/STM32H7RSxx_HAL_Driver/stm32h7rsxx_hal_uart.o
                0x70002c24                UART_WaitOnFlagUntilTimeout
 *fill*         0x70002cfe        0x2 
 .text.UART_EndRxTransfer
                0x70002d00       0xcc ./Drivers/STM32H7RSxx_HAL_Driver/stm32h7rsxx_hal_uart.o
 .text.__libc_init_array
                0x70002dcc       0x48 C:/Moje_pliki/Programy/STM/STM32CubeIDE/plugins/com.st.stm32cube.ide.mcu.externaltools.gnu-tools-for-stm32.12.3.rel1.win32_1.0.200.202406191623/tools/bin/../lib/gcc/arm-none-eabi/12.3.1/../../../../arm-none-eabi/lib/thumb/v7e-m+dp/hard\libc_nano.a(libc_a-init.o)
                0x70002dcc                __libc_init_array
 *(.glue_7)
 .glue_7        0x70002e14        0x0 linker stubs
 *(.glue_7t)
 .glue_7t       0x70002e14        0x0 linker stubs
 *(.eh_frame)
 .eh_frame      0x70002e14        0x0 C:/Moje_pliki/Programy/STM/STM32CubeIDE/plugins/com.st.stm32cube.ide.mcu.externaltools.gnu-tools-for-stm32.12.3.rel1.win32_1.0.200.202406191623/tools/bin/../lib/gcc/arm-none-eabi/12.3.1/thumb/v7e-m+dp/hard/crtbegin.o
 *(.init)
 .init          0x70002e14        0x4 C:/Moje_pliki/Programy/STM/STM32CubeIDE/plugins/com.st.stm32cube.ide.mcu.externaltools.gnu-tools-for-stm32.12.3.rel1.win32_1.0.200.202406191623/tools/bin/../lib/gcc/arm-none-eabi/12.3.1/thumb/v7e-m+dp/hard/crti.o
                0x70002e14                _init
 .init          0x70002e18        0x8 C:/Moje_pliki/Programy/STM/STM32CubeIDE/plugins/com.st.stm32cube.ide.mcu.externaltools.gnu-tools-for-stm32.12.3.rel1.win32_1.0.200.202406191623/tools/bin/../lib/gcc/arm-none-eabi/12.3.1/thumb/v7e-m+dp/hard/crtn.o
 *(.fini)
 .fini          0x70002e20        0x4 C:/Moje_pliki/Programy/STM/STM32CubeIDE/plugins/com.st.stm32cube.ide.mcu.externaltools.gnu-tools-for-stm32.12.3.rel1.win32_1.0.200.202406191623/tools/bin/../lib/gcc/arm-none-eabi/12.3.1/thumb/v7e-m+dp/hard/crti.o
                0x70002e20                _fini
 .fini          0x70002e24        0x8 C:/Moje_pliki/Programy/STM/STM32CubeIDE/plugins/com.st.stm32cube.ide.mcu.externaltools.gnu-tools-for-stm32.12.3.rel1.win32_1.0.200.202406191623/tools/bin/../lib/gcc/arm-none-eabi/12.3.1/thumb/v7e-m+dp/hard/crtn.o
                0x70002e2c                        . = ALIGN (0x4)
                0x70002e2c                        _etext = .

.vfp11_veneer   0x70002e2c        0x0
 .vfp11_veneer  0x70002e2c        0x0 linker stubs

.v4_bx          0x70002e2c        0x0
 .v4_bx         0x70002e2c        0x0 linker stubs

.iplt           0x70002e2c        0x0
 .iplt          0x70002e2c        0x0 C:/Moje_pliki/Programy/STM/STM32CubeIDE/plugins/com.st.stm32cube.ide.mcu.externaltools.gnu-tools-for-stm32.12.3.rel1.win32_1.0.200.202406191623/tools/bin/../lib/gcc/arm-none-eabi/12.3.1/thumb/v7e-m+dp/hard/crtbegin.o

.rodata         0x70002e2c       0x20
                0x70002e2c                        . = ALIGN (0x4)
 *(.rodata)
 .rodata        0x70002e2c        0x8 ./Drivers/STM32H7RSxx_HAL_Driver/stm32h7rsxx_hal_rcc.o
 *(.rodata*)
 .rodata.UARTPrescTable
                0x70002e34       0x18 ./Drivers/STM32H7RSxx_HAL_Driver/stm32h7rsxx_hal_uart.o
                0x70002e34                UARTPrescTable
                0x70002e4c                        . = ALIGN (0x4)

.ARM.extab      0x70002e4c        0x0
                0x70002e4c                        . = ALIGN (0x4)
 *(.ARM.extab* .gnu.linkonce.armextab.*)
                0x70002e4c                        . = ALIGN (0x4)

.ARM            0x70002e4c        0x8
                0x70002e4c                        . = ALIGN (0x4)
                0x70002e4c                        __exidx_start = .
 *(.ARM.exidx*)
 .ARM.exidx     0x70002e4c        0x8 C:/Moje_pliki/Programy/STM/STM32CubeIDE/plugins/com.st.stm32cube.ide.mcu.externaltools.gnu-tools-for-stm32.12.3.rel1.win32_1.0.200.202406191623/tools/bin/../lib/gcc/arm-none-eabi/12.3.1/thumb/v7e-m+dp/hard\libgcc.a(_udivmoddi4.o)
                0x70002e54                        __exidx_end = .
                0x70002e54                        . = ALIGN (0x4)

.preinit_array  0x70002e54        0x0
                0x70002e54                        . = ALIGN (0x4)
                0x70002e54                        PROVIDE (__preinit_array_start = .)
 *(.preinit_array*)
                0x70002e54                        PROVIDE (__preinit_array_end = .)
                0x70002e54                        . = ALIGN (0x4)

.init_array     0x70002e54        0x4
                0x70002e54                        . = ALIGN (0x4)
                0x70002e54                        PROVIDE (__init_array_start = .)
 *(SORT_BY_NAME(.init_array.*))
 *(.init_array*)
 .init_array    0x70002e54        0x4 C:/Moje_pliki/Programy/STM/STM32CubeIDE/plugins/com.st.stm32cube.ide.mcu.externaltools.gnu-tools-for-stm32.12.3.rel1.win32_1.0.200.202406191623/tools/bin/../lib/gcc/arm-none-eabi/12.3.1/thumb/v7e-m+dp/hard/crtbegin.o
                0x70002e58                        PROVIDE (__init_array_end = .)
                0x70002e58                        . = ALIGN (0x4)

.fini_array     0x70002e58        0x4
                0x70002e58                        . = ALIGN (0x4)
                [!provide]                        PROVIDE (__fini_array_start = .)
 *(SORT_BY_NAME(.fini_array.*))
 *(.fini_array*)
 .fini_array    0x70002e58        0x4 C:/Moje_pliki/Programy/STM/STM32CubeIDE/plugins/com.st.stm32cube.ide.mcu.externaltools.gnu-tools-for-stm32.12.3.rel1.win32_1.0.200.202406191623/tools/bin/../lib/gcc/arm-none-eabi/12.3.1/thumb/v7e-m+dp/hard/crtbegin.o
                [!provide]                        PROVIDE (__fini_array_end = .)
                0x70002e5c                        . = ALIGN (0x4)
                0x70002e5c                        _sidata = LOADADDR (.data)

.rel.dyn        0x70002e5c        0x0
 .rel.iplt      0x70002e5c        0x0 C:/Moje_pliki/Programy/STM/STM32CubeIDE/plugins/com.st.stm32cube.ide.mcu.externaltools.gnu-tools-for-stm32.12.3.rel1.win32_1.0.200.202406191623/tools/bin/../lib/gcc/arm-none-eabi/12.3.1/thumb/v7e-m+dp/hard/crtbegin.o

.data           0x24000000       0x30 load address 0x70002e5c
                0x24000000                        . = ALIGN (0x4)
                0x24000000                        _sdata = .
 *(.data)
 *(.data*)
 .data.SystemCoreClock
                0x24000000        0x4 ./Core/Src/system_stm32h7rsxx.o
                0x24000000                SystemCoreClock
 .data.LED_PIN  0x24000004        0x6 ./Drivers/BSP/STM32H7xx_Nucleo/stm32h7rsxx_nucleo.o
 *fill*         0x2400000a        0x2 
 .data.LED_PORT
                0x2400000c        0xc ./Drivers/BSP/STM32H7xx_Nucleo/stm32h7rsxx_nucleo.o
 .data.BUTTON_PIN
                0x24000018        0x2 ./Drivers/BSP/STM32H7xx_Nucleo/stm32h7rsxx_nucleo.o
 *fill*         0x2400001a        0x2 
 .data.BUTTON_PORT
                0x2400001c        0x4 ./Drivers/BSP/STM32H7xx_Nucleo/stm32h7rsxx_nucleo.o
 .data.BUTTON_IRQn
                0x24000020        0x2 ./Drivers/BSP/STM32H7xx_Nucleo/stm32h7rsxx_nucleo.o
 *fill*         0x24000022        0x2 
 .data.COM_UART
                0x24000024        0x4 ./Drivers/BSP/STM32H7xx_Nucleo/stm32h7rsxx_nucleo.o
 .data.uwTickPrio
                0x24000028        0x4 ./Drivers/STM32H7RSxx_HAL_Driver/stm32h7rsxx_hal.o
                0x24000028                uwTickPrio
 .data.uwTickFreq
                0x2400002c        0x1 ./Drivers/STM32H7RSxx_HAL_Driver/stm32h7rsxx_hal.o
                0x2400002c                uwTickFreq
 *(.RamFunc)
 *(.RamFunc*)
                0x24000030                        . = ALIGN (0x4)
 *fill*         0x2400002d        0x3 
                0x24000030                        _edata = .

.igot.plt       0x24000030        0x0 load address 0x70002e8c
 .igot.plt      0x24000030        0x0 C:/Moje_pliki/Programy/STM/STM32CubeIDE/plugins/com.st.stm32cube.ide.mcu.externaltools.gnu-tools-for-stm32.12.3.rel1.win32_1.0.200.202406191623/tools/bin/../lib/gcc/arm-none-eabi/12.3.1/thumb/v7e-m+dp/hard/crtbegin.o
                0x24000030                        . = ALIGN (0x4)

.bss            0x24000030     0x18d0 load address 0x70002e8c
                0x24000030                        _sbss = .
                0x24000030                        __bss_start__ = _sbss
 *(.bss)
 .bss           0x24000030       0x1c C:/Moje_pliki/Programy/STM/STM32CubeIDE/plugins/com.st.stm32cube.ide.mcu.externaltools.gnu-tools-for-stm32.12.3.rel1.win32_1.0.200.202406191623/tools/bin/../lib/gcc/arm-none-eabi/12.3.1/thumb/v7e-m+dp/hard/crtbegin.o
 *(.bss*)
 .bss.BspCOMInit
                0x2400004c       0x10 ./Core/Src/main.o
                0x2400004c                BspCOMInit
 .bss.ImageBuffer
                0x2400005c     0x1800 ./Core/Src/main.o
                0x2400005c                ImageBuffer
 .bss.Image     0x2400185c        0x4 ./Core/Src/main.o
                0x2400185c                Image
 .bss.hcom_uart
                0x24001860       0x94 ./Drivers/BSP/STM32H7xx_Nucleo/stm32h7rsxx_nucleo.o
                0x24001860                hcom_uart
 .bss.hpb_exti  0x240018f4        0x8 ./Drivers/BSP/STM32H7xx_Nucleo/stm32h7rsxx_nucleo.o
 .bss.uwTick    0x240018fc        0x4 ./Drivers/STM32H7RSxx_HAL_Driver/stm32h7rsxx_hal.o
                0x240018fc                uwTick
 *(COMMON)
                0x24001900                        . = ALIGN (0x4)
                0x24001900                        _ebss = .
                0x24001900                        __bss_end__ = _ebss

RW_NONCACHEABLE
                0x24071c00        0x0
                0x24071c00                        __NONCACHEABLEBUFFER_BEGIN = .
 *(noncacheable_buffer)
                0x24071c00                        __NONCACHEABLEBUFFER_END = .

._user_heap_stack
                0x20000000      0x600
                0x20000000                        . = ALIGN (0x8)
                [!provide]                        PROVIDE (end = .)
                0x20000000                        PROVIDE (_end = .)
                0x20000200                        . = (. + _Min_Heap_Size)
 *fill*         0x20000000      0x200 
                0x20000600                        . = (. + _Min_Stack_Size)
 *fill*         0x20000200      0x400 
                0x20000600                        . = ALIGN (0x8)

/DISCARD/
 libc.a(*)
 libm.a(*)
 libgcc.a(*)

.ARM.attributes
                0x00000000       0x2e
 *(.ARM.attributes)
 .ARM.attributes
                0x00000000       0x20 C:/Moje_pliki/Programy/STM/STM32CubeIDE/plugins/com.st.stm32cube.ide.mcu.externaltools.gnu-tools-for-stm32.12.3.rel1.win32_1.0.200.202406191623/tools/bin/../lib/gcc/arm-none-eabi/12.3.1/thumb/v7e-m+dp/hard/crti.o
 .ARM.attributes
                0x00000020       0x32 C:/Moje_pliki/Programy/STM/STM32CubeIDE/plugins/com.st.stm32cube.ide.mcu.externaltools.gnu-tools-for-stm32.12.3.rel1.win32_1.0.200.202406191623/tools/bin/../lib/gcc/arm-none-eabi/12.3.1/thumb/v7e-m+dp/hard/crtbegin.o
 .ARM.attributes
                0x00000052       0x32 ./Core/Src/gpio.o
 .ARM.attributes
                0x00000084       0x32 ./Core/Src/main.o
 .ARM.attributes
                0x000000b6       0x32 ./Core/Src/stm32h7rsxx_hal_msp.o
 .ARM.attributes
                0x000000e8       0x32 ./Core/Src/stm32h7rsxx_it.o
 .ARM.attributes
                0x0000011a       0x32 ./Core/Src/system_stm32h7rsxx.o
 .ARM.attributes
                0x0000014c       0x21 ./Core/Startup/startup_stm32h7s3l8hx.o
 .ARM.attributes
                0x0000016d       0x32 ./Drivers/BSP/STM32H7xx_Nucleo/stm32h7rsxx_nucleo.o
 .ARM.attributes
                0x0000019f       0x32 ./Drivers/STM32H7RSxx_HAL_Driver/stm32h7rsxx_hal.o
 .ARM.attributes
                0x000001d1       0x32 ./Drivers/STM32H7RSxx_HAL_Driver/stm32h7rsxx_hal_cortex.o
 .ARM.attributes
                0x00000203       0x32 ./Drivers/STM32H7RSxx_HAL_Driver/stm32h7rsxx_hal_exti.o
 .ARM.attributes
                0x00000235       0x32 ./Drivers/STM32H7RSxx_HAL_Driver/stm32h7rsxx_hal_gpio.o
 .ARM.attributes
                0x00000267       0x32 ./Drivers/STM32H7RSxx_HAL_Driver/stm32h7rsxx_hal_rcc.o
 .ARM.attributes
                0x00000299       0x32 ./Drivers/STM32H7RSxx_HAL_Driver/stm32h7rsxx_hal_uart.o
 .ARM.attributes
                0x000002cb       0x32 C:/Moje_pliki/Programy/STM/STM32CubeIDE/plugins/com.st.stm32cube.ide.mcu.externaltools.gnu-tools-for-stm32.12.3.rel1.win32_1.0.200.202406191623/tools/bin/../lib/gcc/arm-none-eabi/12.3.1/../../../../arm-none-eabi/lib/thumb/v7e-m+dp/hard\libc_nano.a(libc_a-init.o)
 .ARM.attributes
                0x000002fd       0x20 C:/Moje_pliki/Programy/STM/STM32CubeIDE/plugins/com.st.stm32cube.ide.mcu.externaltools.gnu-tools-for-stm32.12.3.rel1.win32_1.0.200.202406191623/tools/bin/../lib/gcc/arm-none-eabi/12.3.1/thumb/v7e-m+dp/hard\libgcc.a(_aeabi_uldivmod.o)
 .ARM.attributes
                0x0000031d       0x32 C:/Moje_pliki/Programy/STM/STM32CubeIDE/plugins/com.st.stm32cube.ide.mcu.externaltools.gnu-tools-for-stm32.12.3.rel1.win32_1.0.200.202406191623/tools/bin/../lib/gcc/arm-none-eabi/12.3.1/thumb/v7e-m+dp/hard\libgcc.a(_udivmoddi4.o)
 .ARM.attributes
                0x0000034f       0x20 C:/Moje_pliki/Programy/STM/STM32CubeIDE/plugins/com.st.stm32cube.ide.mcu.externaltools.gnu-tools-for-stm32.12.3.rel1.win32_1.0.200.202406191623/tools/bin/../lib/gcc/arm-none-eabi/12.3.1/thumb/v7e-m+dp/hard\libgcc.a(_dvmd_tls.o)
 .ARM.attributes
                0x0000036f       0x20 C:/Moje_pliki/Programy/STM/STM32CubeIDE/plugins/com.st.stm32cube.ide.mcu.externaltools.gnu-tools-for-stm32.12.3.rel1.win32_1.0.200.202406191623/tools/bin/../lib/gcc/arm-none-eabi/12.3.1/thumb/v7e-m+dp/hard/crtn.o
OUTPUT(LEDmatrixRGB_Appli.elf elf32-littlearm)
LOAD linker stubs
LOAD C:/Moje_pliki/Programy/STM/STM32CubeIDE/plugins/com.st.stm32cube.ide.mcu.externaltools.gnu-tools-for-stm32.12.3.rel1.win32_1.0.200.202406191623/tools/bin/../lib/gcc/arm-none-eabi/12.3.1/../../../../arm-none-eabi/lib/thumb/v7e-m+dp/hard\libc.a
LOAD C:/Moje_pliki/Programy/STM/STM32CubeIDE/plugins/com.st.stm32cube.ide.mcu.externaltools.gnu-tools-for-stm32.12.3.rel1.win32_1.0.200.202406191623/tools/bin/../lib/gcc/arm-none-eabi/12.3.1/../../../../arm-none-eabi/lib/thumb/v7e-m+dp/hard\libm.a
LOAD C:/Moje_pliki/Programy/STM/STM32CubeIDE/plugins/com.st.stm32cube.ide.mcu.externaltools.gnu-tools-for-stm32.12.3.rel1.win32_1.0.200.202406191623/tools/bin/../lib/gcc/arm-none-eabi/12.3.1/thumb/v7e-m+dp/hard\libgcc.a

.debug_info     0x00000000     0xd339
 .debug_info    0x00000000      0x69b ./Core/Src/gpio.o
 .debug_info    0x0000069b      0xd4b ./Core/Src/main.o
 .debug_info    0x000013e6       0x9f ./Core/Src/stm32h7rsxx_hal_msp.o
 .debug_info    0x00001485      0x170 ./Core/Src/stm32h7rsxx_it.o
 .debug_info    0x000015f5      0x9bd ./Core/Src/system_stm32h7rsxx.o
 .debug_info    0x00001fb2       0x30 ./Core/Startup/startup_stm32h7s3l8hx.o
 .debug_info    0x00001fe2     0x1c8a ./Drivers/BSP/STM32H7xx_Nucleo/stm32h7rsxx_nucleo.o
 .debug_info    0x00003c6c     0x18a1 ./Drivers/STM32H7RSxx_HAL_Driver/stm32h7rsxx_hal.o
 .debug_info    0x0000550d     0x1103 ./Drivers/STM32H7RSxx_HAL_Driver/stm32h7rsxx_hal_cortex.o
 .debug_info    0x00006610      0x79e ./Drivers/STM32H7RSxx_HAL_Driver/stm32h7rsxx_hal_exti.o
 .debug_info    0x00006dae      0x702 ./Drivers/STM32H7RSxx_HAL_Driver/stm32h7rsxx_hal_gpio.o
 .debug_info    0x000074b0     0x1464 ./Drivers/STM32H7RSxx_HAL_Driver/stm32h7rsxx_hal_rcc.o
 .debug_info    0x00008914     0x4a25 ./Drivers/STM32H7RSxx_HAL_Driver/stm32h7rsxx_hal_uart.o

.debug_abbrev   0x00000000     0x1b18
 .debug_abbrev  0x00000000      0x18a ./Core/Src/gpio.o
 .debug_abbrev  0x0000018a      0x3c3 ./Core/Src/main.o
 .debug_abbrev  0x0000054d       0x45 ./Core/Src/stm32h7rsxx_hal_msp.o
 .debug_abbrev  0x00000592       0xbc ./Core/Src/stm32h7rsxx_it.o
 .debug_abbrev  0x0000064e      0x12e ./Core/Src/system_stm32h7rsxx.o
 .debug_abbrev  0x0000077c       0x24 ./Core/Startup/startup_stm32h7s3l8hx.o
 .debug_abbrev  0x000007a0      0x33d ./Drivers/BSP/STM32H7xx_Nucleo/stm32h7rsxx_nucleo.o
 .debug_abbrev  0x00000add      0x34a ./Drivers/STM32H7RSxx_HAL_Driver/stm32h7rsxx_hal.o
 .debug_abbrev  0x00000e27      0x31f ./Drivers/STM32H7RSxx_HAL_Driver/stm32h7rsxx_hal_cortex.o
 .debug_abbrev  0x00001146      0x1cf ./Drivers/STM32H7RSxx_HAL_Driver/stm32h7rsxx_hal_exti.o
 .debug_abbrev  0x00001315      0x1ec ./Drivers/STM32H7RSxx_HAL_Driver/stm32h7rsxx_hal_gpio.o
 .debug_abbrev  0x00001501      0x2df ./Drivers/STM32H7RSxx_HAL_Driver/stm32h7rsxx_hal_rcc.o
 .debug_abbrev  0x000017e0      0x338 ./Drivers/STM32H7RSxx_HAL_Driver/stm32h7rsxx_hal_uart.o

.debug_aranges  0x00000000      0x9c8
 .debug_aranges
                0x00000000       0x20 ./Core/Src/gpio.o
 .debug_aranges
                0x00000020       0x60 ./Core/Src/main.o
 .debug_aranges
                0x00000080       0x20 ./Core/Src/stm32h7rsxx_hal_msp.o
 .debug_aranges
                0x000000a0       0x68 ./Core/Src/stm32h7rsxx_it.o
 .debug_aranges
                0x00000108       0x28 ./Core/Src/system_stm32h7rsxx.o
 .debug_aranges
                0x00000130       0x28 ./Core/Startup/startup_stm32h7s3l8hx.o
 .debug_aranges
                0x00000158       0xc8 ./Drivers/BSP/STM32H7xx_Nucleo/stm32h7rsxx_nucleo.o
 .debug_aranges
                0x00000220      0x240 ./Drivers/STM32H7RSxx_HAL_Driver/stm32h7rsxx_hal.o
 .debug_aranges
                0x00000460      0x130 ./Drivers/STM32H7RSxx_HAL_Driver/stm32h7rsxx_hal_cortex.o
 .debug_aranges
                0x00000590       0x60 ./Drivers/STM32H7RSxx_HAL_Driver/stm32h7rsxx_hal_exti.o
 .debug_aranges
                0x000005f0       0x60 ./Drivers/STM32H7RSxx_HAL_Driver/stm32h7rsxx_hal_gpio.o
 .debug_aranges
                0x00000650      0x130 ./Drivers/STM32H7RSxx_HAL_Driver/stm32h7rsxx_hal_rcc.o
 .debug_aranges
                0x00000780      0x248 ./Drivers/STM32H7RSxx_HAL_Driver/stm32h7rsxx_hal_uart.o

.debug_rnglists
                0x00000000      0x77b
 .debug_rnglists
                0x00000000       0x14 ./Core/Src/gpio.o
 .debug_rnglists
                0x00000014       0x46 ./Core/Src/main.o
 .debug_rnglists
                0x0000005a       0x13 ./Core/Src/stm32h7rsxx_hal_msp.o
 .debug_rnglists
                0x0000006d       0x49 ./Core/Src/stm32h7rsxx_it.o
 .debug_rnglists
                0x000000b6       0x1a ./Core/Src/system_stm32h7rsxx.o
 .debug_rnglists
                0x000000d0       0x19 ./Core/Startup/startup_stm32h7s3l8hx.o
 .debug_rnglists
                0x000000e9       0x95 ./Drivers/BSP/STM32H7xx_Nucleo/stm32h7rsxx_nucleo.o
 .debug_rnglists
                0x0000017e      0x1ae ./Drivers/STM32H7RSxx_HAL_Driver/stm32h7rsxx_hal.o
 .debug_rnglists
                0x0000032c       0xe0 ./Drivers/STM32H7RSxx_HAL_Driver/stm32h7rsxx_hal_cortex.o
 .debug_rnglists
                0x0000040c       0x46 ./Drivers/STM32H7RSxx_HAL_Driver/stm32h7rsxx_hal_exti.o
 .debug_rnglists
                0x00000452       0x45 ./Drivers/STM32H7RSxx_HAL_Driver/stm32h7rsxx_hal_gpio.o
 .debug_rnglists
                0x00000497       0xea ./Drivers/STM32H7RSxx_HAL_Driver/stm32h7rsxx_hal_rcc.o
 .debug_rnglists
                0x00000581      0x1fa ./Drivers/STM32H7RSxx_HAL_Driver/stm32h7rsxx_hal_uart.o

.debug_macro    0x00000000    0x30246
 .debug_macro   0x00000000      0x2e4 ./Core/Src/gpio.o
 .debug_macro   0x000002e4      0xad2 ./Core/Src/gpio.o
 .debug_macro   0x00000db6      0x1a1 ./Core/Src/gpio.o
 .debug_macro   0x00000f57       0x2e ./Core/Src/gpio.o
 .debug_macro   0x00000f85       0x42 ./Core/Src/gpio.o
 .debug_macro   0x00000fc7       0x22 ./Core/Src/gpio.o
 .debug_macro   0x00000fe9       0x8e ./Core/Src/gpio.o
 .debug_macro   0x00001077       0x51 ./Core/Src/gpio.o
 .debug_macro   0x000010c8      0x103 ./Core/Src/gpio.o
 .debug_macro   0x000011cb       0x6a ./Core/Src/gpio.o
 .debug_macro   0x00001235      0x1df ./Core/Src/gpio.o
 .debug_macro   0x00001414       0x1c ./Core/Src/gpio.o
 .debug_macro   0x00001430       0x22 ./Core/Src/gpio.o
 .debug_macro   0x00001452       0xfb ./Core/Src/gpio.o
 .debug_macro   0x0000154d     0x1313 ./Core/Src/gpio.o
 .debug_macro   0x00002860      0x11f ./Core/Src/gpio.o
 .debug_macro   0x0000297f       0x22 ./Core/Src/gpio.o
 .debug_macro   0x000029a1    0x2146c ./Core/Src/gpio.o
 .debug_macro   0x00023e0d       0x6d ./Core/Src/gpio.o
 .debug_macro   0x00023e7a     0x346a ./Core/Src/gpio.o
 .debug_macro   0x000272e4       0x61 ./Core/Src/gpio.o
 .debug_macro   0x00027345       0x29 ./Core/Src/gpio.o
 .debug_macro   0x0002736e       0x43 ./Core/Src/gpio.o
 .debug_macro   0x000273b1       0x34 ./Core/Src/gpio.o
 .debug_macro   0x000273e5      0x189 ./Core/Src/gpio.o
 .debug_macro   0x0002756e       0x16 ./Core/Src/gpio.o
 .debug_macro   0x00027584       0x43 ./Core/Src/gpio.o
 .debug_macro   0x000275c7       0x34 ./Core/Src/gpio.o
 .debug_macro   0x000275fb       0x10 ./Core/Src/gpio.o
 .debug_macro   0x0002760b       0x58 ./Core/Src/gpio.o
 .debug_macro   0x00027663       0x8e ./Core/Src/gpio.o
 .debug_macro   0x000276f1       0x1c ./Core/Src/gpio.o
 .debug_macro   0x0002770d      0x177 ./Core/Src/gpio.o
 .debug_macro   0x00027884      0x369 ./Core/Src/gpio.o
 .debug_macro   0x00027bed      0x19b ./Core/Src/gpio.o
 .debug_macro   0x00027d88       0x64 ./Core/Src/gpio.o
 .debug_macro   0x00027dec      0xab5 ./Core/Src/gpio.o
 .debug_macro   0x000288a1     0x1f68 ./Core/Src/gpio.o
 .debug_macro   0x0002a809      0x93a ./Core/Src/gpio.o
 .debug_macro   0x0002b143      0x170 ./Core/Src/gpio.o
 .debug_macro   0x0002b2b3      0x1ba ./Core/Src/gpio.o
 .debug_macro   0x0002b46d      0x2e8 ./Core/Src/gpio.o
 .debug_macro   0x0002b755      0x590 ./Core/Src/gpio.o
 .debug_macro   0x0002bce5      0x52e ./Core/Src/gpio.o
 .debug_macro   0x0002c213       0xba ./Core/Src/gpio.o
 .debug_macro   0x0002c2cd      0x27c ./Core/Src/gpio.o
 .debug_macro   0x0002c549      0x2c0 ./Core/Src/gpio.o
 .debug_macro   0x0002c809      0x3fb ./Core/Src/gpio.o
 .debug_macro   0x0002cc04       0xb0 ./Core/Src/gpio.o
 .debug_macro   0x0002ccb4      0x11c ./Core/Src/gpio.o
 .debug_macro   0x0002cdd0      0x210 ./Core/Src/gpio.o
 .debug_macro   0x0002cfe0      0x2a0 ./Core/Src/gpio.o
 .debug_macro   0x0002d280       0x3c ./Core/Src/gpio.o
 .debug_macro   0x0002d2bc      0x693 ./Core/Src/gpio.o
 .debug_macro   0x0002d94f       0xa6 ./Core/Src/gpio.o
 .debug_macro   0x0002d9f5      0x587 ./Core/Src/gpio.o
 .debug_macro   0x0002df7c       0x22 ./Core/Src/gpio.o
 .debug_macro   0x0002df9e       0xa0 ./Core/Src/gpio.o
 .debug_macro   0x0002e03e       0x1c ./Core/Src/gpio.o
 .debug_macro   0x0002e05a       0x35 ./Core/Src/gpio.o
 .debug_macro   0x0002e08f       0x10 ./Core/Src/gpio.o
 .debug_macro   0x0002e09f       0x1c ./Core/Src/gpio.o
 .debug_macro   0x0002e0bb       0x16 ./Core/Src/gpio.o
 .debug_macro   0x0002e0d1      0x146 ./Core/Src/gpio.o
 .debug_macro   0x0002e217       0xf8 ./Core/Src/gpio.o
 .debug_macro   0x0002e30f       0xa0 ./Core/Src/gpio.o
 .debug_macro   0x0002e3af      0x384 ./Core/Src/main.o
 .debug_macro   0x0002e733       0x16 ./Core/Src/main.o
 .debug_macro   0x0002e749       0x20 ./Core/Src/main.o
 .debug_macro   0x0002e769      0x2da ./Core/Src/stm32h7rsxx_hal_msp.o
 .debug_macro   0x0002ea43      0x2e4 ./Core/Src/stm32h7rsxx_it.o
 .debug_macro   0x0002ed27      0x27c ./Core/Src/system_stm32h7rsxx.o
 .debug_macro   0x0002efa3      0x2dd ./Drivers/BSP/STM32H7xx_Nucleo/stm32h7rsxx_nucleo.o
 .debug_macro   0x0002f280       0x1c ./Drivers/BSP/STM32H7xx_Nucleo/stm32h7rsxx_nucleo.o
 .debug_macro   0x0002f29c      0x2b8 ./Drivers/STM32H7RSxx_HAL_Driver/stm32h7rsxx_hal.o
 .debug_macro   0x0002f554      0x276 ./Drivers/STM32H7RSxx_HAL_Driver/stm32h7rsxx_hal_cortex.o
 .debug_macro   0x0002f7ca      0x282 ./Drivers/STM32H7RSxx_HAL_Driver/stm32h7rsxx_hal_exti.o
 .debug_macro   0x0002fa4c      0x27d ./Drivers/STM32H7RSxx_HAL_Driver/stm32h7rsxx_hal_gpio.o
 .debug_macro   0x0002fcc9      0x2dc ./Drivers/STM32H7RSxx_HAL_Driver/stm32h7rsxx_hal_rcc.o
 .debug_macro   0x0002ffa5      0x2a1 ./Drivers/STM32H7RSxx_HAL_Driver/stm32h7rsxx_hal_uart.o

.debug_line     0x00000000     0xd07d
 .debug_line    0x00000000      0x98e ./Core/Src/gpio.o
 .debug_line    0x0000098e      0xce8 ./Core/Src/main.o
 .debug_line    0x00001676      0x953 ./Core/Src/stm32h7rsxx_hal_msp.o
 .debug_line    0x00001fc9      0xa33 ./Core/Src/stm32h7rsxx_it.o
 .debug_line    0x000029fc      0x9c2 ./Core/Src/system_stm32h7rsxx.o
 .debug_line    0x000033be       0x7b ./Core/Startup/startup_stm32h7s3l8hx.o
 .debug_line    0x00003439      0xcdc ./Drivers/BSP/STM32H7xx_Nucleo/stm32h7rsxx_nucleo.o
 .debug_line    0x00004115     0x1128 ./Drivers/STM32H7RSxx_HAL_Driver/stm32h7rsxx_hal.o
 .debug_line    0x0000523d      0xee1 ./Drivers/STM32H7RSxx_HAL_Driver/stm32h7rsxx_hal_cortex.o
 .debug_line    0x0000611e      0xc60 ./Drivers/STM32H7RSxx_HAL_Driver/stm32h7rsxx_hal_exti.o
 .debug_line    0x00006d7e      0xc87 ./Drivers/STM32H7RSxx_HAL_Driver/stm32h7rsxx_hal_gpio.o
 .debug_line    0x00007a05     0x183b ./Drivers/STM32H7RSxx_HAL_Driver/stm32h7rsxx_hal_rcc.o
 .debug_line    0x00009240     0x3e3d ./Drivers/STM32H7RSxx_HAL_Driver/stm32h7rsxx_hal_uart.o

.debug_str      0x00000000   0x132076
 .debug_str     0x00000000   0x12d9ca ./Core/Src/gpio.o
                             0x12ddbf (size before relaxing)
 .debug_str     0x0012d9ca      0xb2f ./Core/Src/main.o
                             0x12e699 (size before relaxing)
 .debug_str     0x0012e4f9       0x2e ./Core/Src/stm32h7rsxx_hal_msp.o
                             0x12da51 (size before relaxing)
 .debug_str     0x0012e527       0xf1 ./Core/Src/stm32h7rsxx_it.o
                             0x12db37 (size before relaxing)
 .debug_str     0x0012e618       0xb9 ./Core/Src/system_stm32h7rsxx.o
                             0x12cd9b (size before relaxing)
 .debug_str     0x0012e6d1       0x44 ./Core/Startup/startup_stm32h7s3l8hx.o
                                 0x7d (size before relaxing)
 .debug_str     0x0012e715     0x1127 ./Drivers/BSP/STM32H7xx_Nucleo/stm32h7rsxx_nucleo.o
                             0x12f038 (size before relaxing)
 .debug_str     0x0012f83c      0xcba ./Drivers/STM32H7RSxx_HAL_Driver/stm32h7rsxx_hal.o
                             0x12e258 (size before relaxing)
 .debug_str     0x001304f6      0x391 ./Drivers/STM32H7RSxx_HAL_Driver/stm32h7rsxx_hal_cortex.o
                             0x12d85a (size before relaxing)
 .debug_str     0x00130887      0x1e9 ./Drivers/STM32H7RSxx_HAL_Driver/stm32h7rsxx_hal_exti.o
                             0x12cc9e (size before relaxing)
 .debug_str     0x00130a70      0x115 ./Drivers/STM32H7RSxx_HAL_Driver/stm32h7rsxx_hal_gpio.o
                             0x12cc79 (size before relaxing)
 .debug_str     0x00130b85      0xa26 ./Drivers/STM32H7RSxx_HAL_Driver/stm32h7rsxx_hal_rcc.o
                             0x12d72f (size before relaxing)
 .debug_str     0x001315ab      0xacb ./Drivers/STM32H7RSxx_HAL_Driver/stm32h7rsxx_hal_uart.o
                             0x12dddc (size before relaxing)

.comment        0x00000000       0x43
 .comment       0x00000000       0x43 ./Core/Src/gpio.o
                                 0x44 (size before relaxing)
 .comment       0x00000043       0x44 ./Core/Src/main.o
 .comment       0x00000043       0x44 ./Core/Src/stm32h7rsxx_hal_msp.o
 .comment       0x00000043       0x44 ./Core/Src/stm32h7rsxx_it.o
 .comment       0x00000043       0x44 ./Core/Src/system_stm32h7rsxx.o
 .comment       0x00000043       0x44 ./Drivers/BSP/STM32H7xx_Nucleo/stm32h7rsxx_nucleo.o
 .comment       0x00000043       0x44 ./Drivers/STM32H7RSxx_HAL_Driver/stm32h7rsxx_hal.o
 .comment       0x00000043       0x44 ./Drivers/STM32H7RSxx_HAL_Driver/stm32h7rsxx_hal_cortex.o
 .comment       0x00000043       0x44 ./Drivers/STM32H7RSxx_HAL_Driver/stm32h7rsxx_hal_exti.o
 .comment       0x00000043       0x44 ./Drivers/STM32H7RSxx_HAL_Driver/stm32h7rsxx_hal_gpio.o
 .comment       0x00000043       0x44 ./Drivers/STM32H7RSxx_HAL_Driver/stm32h7rsxx_hal_rcc.o
 .comment       0x00000043       0x44 ./Drivers/STM32H7RSxx_HAL_Driver/stm32h7rsxx_hal_uart.o

.debug_frame    0x00000000     0x27f4
 .debug_frame   0x00000000       0x34 ./Core/Src/gpio.o
 .debug_frame   0x00000034      0x144 ./Core/Src/main.o
 .debug_frame   0x00000178       0x30 ./Core/Src/stm32h7rsxx_hal_msp.o
 .debug_frame   0x000001a8      0x120 ./Core/Src/stm32h7rsxx_it.o
 .debug_frame   0x000002c8       0x58 ./Core/Src/system_stm32h7rsxx.o
 .debug_frame   0x00000320      0x31c ./Drivers/BSP/STM32H7xx_Nucleo/stm32h7rsxx_nucleo.o
 .debug_frame   0x0000063c      0x9a0 ./Drivers/STM32H7RSxx_HAL_Driver/stm32h7rsxx_hal.o
 .debug_frame   0x00000fdc      0x508 ./Drivers/STM32H7RSxx_HAL_Driver/stm32h7rsxx_hal_cortex.o
 .debug_frame   0x000014e4      0x174 ./Drivers/STM32H7RSxx_HAL_Driver/stm32h7rsxx_hal_exti.o
 .debug_frame   0x00001658      0x174 ./Drivers/STM32H7RSxx_HAL_Driver/stm32h7rsxx_hal_gpio.o
 .debug_frame   0x000017cc      0x510 ./Drivers/STM32H7RSxx_HAL_Driver/stm32h7rsxx_hal_rcc.o
 .debug_frame   0x00001cdc      0xa8c ./Drivers/STM32H7RSxx_HAL_Driver/stm32h7rsxx_hal_uart.o
 .debug_frame   0x00002768       0x2c C:/Moje_pliki/Programy/STM/STM32CubeIDE/plugins/com.st.stm32cube.ide.mcu.externaltools.gnu-tools-for-stm32.12.3.rel1.win32_1.0.200.202406191623/tools/bin/../lib/gcc/arm-none-eabi/12.3.1/../../../../arm-none-eabi/lib/thumb/v7e-m+dp/hard\libc_nano.a(libc_a-init.o)
 .debug_frame   0x00002794       0x2c C:/Moje_pliki/Programy/STM/STM32CubeIDE/plugins/com.st.stm32cube.ide.mcu.externaltools.gnu-tools-for-stm32.12.3.rel1.win32_1.0.200.202406191623/tools/bin/../lib/gcc/arm-none-eabi/12.3.1/thumb/v7e-m+dp/hard\libgcc.a(_aeabi_uldivmod.o)
 .debug_frame   0x000027c0       0x34 C:/Moje_pliki/Programy/STM/STM32CubeIDE/plugins/com.st.stm32cube.ide.mcu.externaltools.gnu-tools-for-stm32.12.3.rel1.win32_1.0.200.202406191623/tools/bin/../lib/gcc/arm-none-eabi/12.3.1/thumb/v7e-m+dp/hard\libgcc.a(_udivmoddi4.o)

.debug_line_str
                0x00000000       0x61
 .debug_line_str
                0x00000000       0x61 ./Core/Startup/startup_stm32h7s3l8hx.o
