Archive member included to satisfy reference by file (symbol)

C:/Moje_pliki/Programy/STM/STM32CubeIDE/plugins/com.st.stm32cube.ide.mcu.externaltools.gnu-tools-for-stm32.12.3.rel1.win32_1.0.200.202406191623/tools/bin/../lib/gcc/arm-none-eabi/12.3.1/../../../../arm-none-eabi/lib/thumb/v7e-m+dp/hard\libc_nano.a(libc_a-exit.o)
                              C:/Moje_pliki/Programy/STM/STM32CubeIDE/plugins/com.st.stm32cube.ide.mcu.externaltools.gnu-tools-for-stm32.12.3.rel1.win32_1.0.200.202406191623/tools/bin/../lib/gcc/arm-none-eabi/12.3.1/../../../../arm-none-eabi/lib/thumb/v7e-m+dp/hard/crt0.o (exit)
C:/Moje_pliki/Programy/STM/STM32CubeIDE/plugins/com.st.stm32cube.ide.mcu.externaltools.gnu-tools-for-stm32.12.3.rel1.win32_1.0.200.202406191623/tools/bin/../lib/gcc/arm-none-eabi/12.3.1/../../../../arm-none-eabi/lib/thumb/v7e-m+dp/hard\libc_nano.a(libc_a-findfp.o)
                              C:/Moje_pliki/Programy/STM/STM32CubeIDE/plugins/com.st.stm32cube.ide.mcu.externaltools.gnu-tools-for-stm32.12.3.rel1.win32_1.0.200.202406191623/tools/bin/../lib/gcc/arm-none-eabi/12.3.1/../../../../arm-none-eabi/lib/thumb/v7e-m+dp/hard\libc_nano.a(libc_a-exit.o) (__stdio_exit_handler)
C:/Moje_pliki/Programy/STM/STM32CubeIDE/plugins/com.st.stm32cube.ide.mcu.externaltools.gnu-tools-for-stm32.12.3.rel1.win32_1.0.200.202406191623/tools/bin/../lib/gcc/arm-none-eabi/12.3.1/../../../../arm-none-eabi/lib/thumb/v7e-m+dp/hard\libc_nano.a(libc_a-fwalk.o)
                              C:/Moje_pliki/Programy/STM/STM32CubeIDE/plugins/com.st.stm32cube.ide.mcu.externaltools.gnu-tools-for-stm32.12.3.rel1.win32_1.0.200.202406191623/tools/bin/../lib/gcc/arm-none-eabi/12.3.1/../../../../arm-none-eabi/lib/thumb/v7e-m+dp/hard\libc_nano.a(libc_a-findfp.o) (_fwalk_sglue)
C:/Moje_pliki/Programy/STM/STM32CubeIDE/plugins/com.st.stm32cube.ide.mcu.externaltools.gnu-tools-for-stm32.12.3.rel1.win32_1.0.200.202406191623/tools/bin/../lib/gcc/arm-none-eabi/12.3.1/../../../../arm-none-eabi/lib/thumb/v7e-m+dp/hard\libc_nano.a(libc_a-stdio.o)
                              C:/Moje_pliki/Programy/STM/STM32CubeIDE/plugins/com.st.stm32cube.ide.mcu.externaltools.gnu-tools-for-stm32.12.3.rel1.win32_1.0.200.202406191623/tools/bin/../lib/gcc/arm-none-eabi/12.3.1/../../../../arm-none-eabi/lib/thumb/v7e-m+dp/hard\libc_nano.a(libc_a-findfp.o) (__sread)
C:/Moje_pliki/Programy/STM/STM32CubeIDE/plugins/com.st.stm32cube.ide.mcu.externaltools.gnu-tools-for-stm32.12.3.rel1.win32_1.0.200.202406191623/tools/bin/../lib/gcc/arm-none-eabi/12.3.1/../../../../arm-none-eabi/lib/thumb/v7e-m+dp/hard\libc_nano.a(libc_a-memset.o)
                              C:/Moje_pliki/Programy/STM/STM32CubeIDE/plugins/com.st.stm32cube.ide.mcu.externaltools.gnu-tools-for-stm32.12.3.rel1.win32_1.0.200.202406191623/tools/bin/../lib/gcc/arm-none-eabi/12.3.1/../../../../arm-none-eabi/lib/thumb/v7e-m+dp/hard/crt0.o (memset)
C:/Moje_pliki/Programy/STM/STM32CubeIDE/plugins/com.st.stm32cube.ide.mcu.externaltools.gnu-tools-for-stm32.12.3.rel1.win32_1.0.200.202406191623/tools/bin/../lib/gcc/arm-none-eabi/12.3.1/../../../../arm-none-eabi/lib/thumb/v7e-m+dp/hard\libc_nano.a(libc_a-closer.o)
                              C:/Moje_pliki/Programy/STM/STM32CubeIDE/plugins/com.st.stm32cube.ide.mcu.externaltools.gnu-tools-for-stm32.12.3.rel1.win32_1.0.200.202406191623/tools/bin/../lib/gcc/arm-none-eabi/12.3.1/../../../../arm-none-eabi/lib/thumb/v7e-m+dp/hard\libc_nano.a(libc_a-stdio.o) (_close_r)
C:/Moje_pliki/Programy/STM/STM32CubeIDE/plugins/com.st.stm32cube.ide.mcu.externaltools.gnu-tools-for-stm32.12.3.rel1.win32_1.0.200.202406191623/tools/bin/../lib/gcc/arm-none-eabi/12.3.1/../../../../arm-none-eabi/lib/thumb/v7e-m+dp/hard\libc_nano.a(libc_a-reent.o)
                              C:/Moje_pliki/Programy/STM/STM32CubeIDE/plugins/com.st.stm32cube.ide.mcu.externaltools.gnu-tools-for-stm32.12.3.rel1.win32_1.0.200.202406191623/tools/bin/../lib/gcc/arm-none-eabi/12.3.1/../../../../arm-none-eabi/lib/thumb/v7e-m+dp/hard\libc_nano.a(libc_a-closer.o) (errno)
C:/Moje_pliki/Programy/STM/STM32CubeIDE/plugins/com.st.stm32cube.ide.mcu.externaltools.gnu-tools-for-stm32.12.3.rel1.win32_1.0.200.202406191623/tools/bin/../lib/gcc/arm-none-eabi/12.3.1/../../../../arm-none-eabi/lib/thumb/v7e-m+dp/hard\libc_nano.a(libc_a-impure.o)
                              C:/Moje_pliki/Programy/STM/STM32CubeIDE/plugins/com.st.stm32cube.ide.mcu.externaltools.gnu-tools-for-stm32.12.3.rel1.win32_1.0.200.202406191623/tools/bin/../lib/gcc/arm-none-eabi/12.3.1/../../../../arm-none-eabi/lib/thumb/v7e-m+dp/hard\libc_nano.a(libc_a-reent.o) (_impure_ptr)
C:/Moje_pliki/Programy/STM/STM32CubeIDE/plugins/com.st.stm32cube.ide.mcu.externaltools.gnu-tools-for-stm32.12.3.rel1.win32_1.0.200.202406191623/tools/bin/../lib/gcc/arm-none-eabi/12.3.1/../../../../arm-none-eabi/lib/thumb/v7e-m+dp/hard\libc_nano.a(libc_a-lseekr.o)
[...]
Memory Configuration

Name             Origin             Length             Attributes
RAM              0x24000000         0x00071c00         xrw
RAM_NONCACHEABLEBUFFER 0x24071c00         0x00000400         xrw
ITCM             0x00000000         0x00010000         xrw
DTCM             0x20000000         0x00010000         rw
SRAMAHB          0x30000000         0x00008000         rw
BKPSRAM          0x38800000         0x00001000         rw
FLASH            0x08000000         0x00010000         xrw
*default*        0x00000000         0xffffffff

Linker script and memory map

LOAD C:/Moje_pliki/Programy/STM/STM32CubeIDE/plugins/com.st.stm32cube.ide.mcu.externaltools.gnu-tools-for-stm32.12.3.rel1.win32_1.0.200.202406191623/tools/bin/../lib/gcc/arm-none-eabi/12.3.1/thumb/v7e-m+dp/hard/crti.o
LOAD C:/Moje_pliki/Programy/STM/STM32CubeIDE/plugins/com.st.stm32cube.ide.mcu.externaltools.gnu-tools-for-stm32.12.3.rel1.win32_1.0.200.202406191623/tools/bin/../lib/gcc/arm-none-eabi/12.3.1/thumb/v7e-m+dp/hard/crtbegin.o
LOAD C:/Moje_pliki/Programy/STM/STM32CubeIDE/plugins/com.st.stm32cube.ide.mcu.externaltools.gnu-tools-for-stm32.12.3.rel1.win32_1.0.200.202406191623/tools/bin/../lib/gcc/arm-none-eabi/12.3.1/../../../../arm-none-eabi/lib/thumb/v7e-m+dp/hard/crt0.o
LOAD ./Core/Src/extmem_manager.o
LOAD ./Core/Src/gpio.o
LOAD ./Core/Src/main.o
LOAD ./Core/Src/memorymap.o
LOAD ./Core/Src/sbs.o
LOAD ./Core/Src/stm32h7rsxx_hal_msp.o
LOAD ./Core/Src/stm32h7rsxx_it.o
LOAD ./Core/Src/syscalls.o
LOAD ./Core/Src/sysmem.o
LOAD ./Core/Src/system_stm32h7rsxx.o
LOAD ./Core/Src/xspi.o
LOAD ./Core/Startup/startup_stm32h7s3l8hx.o
LOAD ./Drivers/BSP/STM32H7xx_Nucleo/stm32h7rsxx_nucleo.o
LOAD ./Drivers/STM32H7RSxx_HAL_Driver/stm32h7rsxx_hal.o
LOAD ./Drivers/STM32H7RSxx_HAL_Driver/stm32h7rsxx_hal_cortex.o
LOAD ./Drivers/STM32H7RSxx_HAL_Driver/stm32h7rsxx_hal_dma.o
LOAD ./Drivers/STM32H7RSxx_HAL_Driver/stm32h7rsxx_hal_dma_ex.o
LOAD ./Drivers/STM32H7RSxx_HAL_Driver/stm32h7rsxx_hal_exti.o
LOAD ./Drivers/STM32H7RSxx_HAL_Driver/stm32h7rsxx_hal_flash.o
LOAD ./Drivers/STM32H7RSxx_HAL_Driver/stm32h7rsxx_hal_flash_ex.o
LOAD ./Drivers/STM32H7RSxx_HAL_Driver/stm32h7rsxx_hal_gpio.o
LOAD ./Drivers/STM32H7RSxx_HAL_Driver/stm32h7rsxx_hal_pwr.o
LOAD ./Drivers/STM32H7RSxx_HAL_Driver/stm32h7rsxx_hal_pwr_ex.o
LOAD ./Drivers/STM32H7RSxx_HAL_Driver/stm32h7rsxx_hal_rcc.o
LOAD ./Drivers/STM32H7RSxx_HAL_Driver/stm32h7rsxx_hal_rcc_ex.o
LOAD ./Drivers/STM32H7RSxx_HAL_Driver/stm32h7rsxx_hal_tim.o
LOAD ./Drivers/STM32H7RSxx_HAL_Driver/stm32h7rsxx_hal_tim_ex.o
LOAD ./Drivers/STM32H7RSxx_HAL_Driver/stm32h7rsxx_hal_uart.o
LOAD ./Drivers/STM32H7RSxx_HAL_Driver/stm32h7rsxx_hal_uart_ex.o
LOAD ./Drivers/STM32H7RSxx_HAL_Driver/stm32h7rsxx_hal_usart.o
LOAD ./Drivers/STM32H7RSxx_HAL_Driver/stm32h7rsxx_hal_usart_ex.o
LOAD ./Drivers/STM32H7RSxx_HAL_Driver/stm32h7rsxx_hal_xspi.o
LOAD ./Middlewares/ST/STM32_ExtMem_Manager/stm32_boot_xip.o
LOAD ./Middlewares/ST/STM32_ExtMem_Manager/stm32_extmem.o
LOAD ./Middlewares/ST/STM32_ExtMem_Manager/stm32_psram_driver.o
LOAD ./Middlewares/ST/STM32_ExtMem_Manager/stm32_sal_sd.o
LOAD ./Middlewares/ST/STM32_ExtMem_Manager/stm32_sal_xspi.o
LOAD ./Middlewares/ST/STM32_ExtMem_Manager/stm32_sdcard_driver.o
LOAD ./Middlewares/ST/STM32_ExtMem_Manager/stm32_sfdp_data.o
LOAD ./Middlewares/ST/STM32_ExtMem_Manager/stm32_sfdp_driver.o
LOAD ./Middlewares/ST/STM32_ExtMem_Manager/stm32_user_driver.o
START GROUP
LOAD C:/Moje_pliki/Programy/STM/STM32CubeIDE/plugins/com.st.stm32cube.ide.mcu.externaltools.gnu-tools-for-stm32.12.3.rel1.win32_1.0.200.202406191623/tools/bin/../lib/gcc/arm-none-eabi/12.3.1/../../../../arm-none-eabi/lib/thumb/v7e-m+dp/hard\libc_nano.a
LOAD C:/Moje_pliki/Programy/STM/STM32CubeIDE/plugins/com.st.stm32cube.ide.mcu.externaltools.gnu-tools-for-stm32.12.3.rel1.win32_1.0.200.202406191623/tools/bin/../lib/gcc/arm-none-eabi/12.3.1/../../../../arm-none-eabi/lib/thumb/v7e-m+dp/hard\libm.a
END GROUP
START GROUP
LOAD C:/Moje_pliki/Programy/STM/STM32CubeIDE/plugins/com.st.stm32cube.ide.mcu.externaltools.gnu-tools-for-stm32.12.3.rel1.win32_1.0.200.202406191623/tools/bin/../lib/gcc/arm-none-eabi/12.3.1/thumb/v7e-m+dp/hard\libgcc.a
LOAD C:/Moje_pliki/Programy/STM/STM32CubeIDE/plugins/com.st.stm32cube.ide.mcu.externaltools.gnu-tools-for-stm32.12.3.rel1.win32_1.0.200.202406191623/tools/bin/../lib/gcc/arm-none-eabi/12.3.1/../../../../arm-none-eabi/lib/thumb/v7e-m+dp/hard\libc_nano.a
END GROUP
START GROUP
LOAD C:/Moje_pliki/Programy/STM/STM32CubeIDE/plugins/com.st.stm32cube.ide.mcu.externaltools.gnu-tools-for-stm32.12.3.rel1.win32_1.0.200.202406191623/tools/bin/../lib/gcc/arm-none-eabi/12.3.1/thumb/v7e-m+dp/hard\libgcc.a
LOAD C:/Moje_pliki/Programy/STM/STM32CubeIDE/plugins/com.st.stm32cube.ide.mcu.externaltools.gnu-tools-for-stm32.12.3.rel1.win32_1.0.200.202406191623/tools/bin/../lib/gcc/arm-none-eabi/12.3.1/../../../../arm-none-eabi/lib/thumb/v7e-m+dp/hard\libc_nano.a
LOAD C:/Moje_pliki/Programy/STM/STM32CubeIDE/plugins/com.st.stm32cube.ide.mcu.externaltools.gnu-tools-for-stm32.12.3.rel1.win32_1.0.200.202406191623/tools/bin/../lib/gcc/arm-none-eabi/12.3.1/../../../../arm-none-eabi/lib/thumb/v7e-m+dp/hard\libnosys.a
END GROUP
START GROUP
LOAD C:/Moje_pliki/Programy/STM/STM32CubeIDE/plugins/com.st.stm32cube.ide.mcu.externaltools.gnu-tools-for-stm32.12.3.rel1.win32_1.0.200.202406191623/tools/bin/../lib/gcc/arm-none-eabi/12.3.1/thumb/v7e-m+dp/hard\libgcc.a
LOAD C:/Moje_pliki/Programy/STM/STM32CubeIDE/plugins/com.st.stm32cube.ide.mcu.externaltools.gnu-tools-for-stm32.12.3.rel1.win32_1.0.200.202406191623/tools/bin/../lib/gcc/arm-none-eabi/12.3.1/../../../../arm-none-eabi/lib/thumb/v7e-m+dp/hard\libc_nano.a
LOAD C:/Moje_pliki/Programy/STM/STM32CubeIDE/plugins/com.st.stm32cube.ide.mcu.externaltools.gnu-tools-for-stm32.12.3.rel1.win32_1.0.200.202406191623/tools/bin/../lib/gcc/arm-none-eabi/12.3.1/../../../../arm-none-eabi/lib/thumb/v7e-m+dp/hard\libnosys.a
END GROUP
LOAD C:/Moje_pliki/Programy/STM/STM32CubeIDE/plugins/com.st.stm32cube.ide.mcu.externaltools.gnu-tools-for-stm32.12.3.rel1.win32_1.0.200.202406191623/tools/bin/../lib/gcc/arm-none-eabi/12.3.1/thumb/v7e-m+dp/hard/crtend.o
LOAD C:/Moje_pliki/Programy/STM/STM32CubeIDE/plugins/com.st.stm32cube.ide.mcu.externaltools.gnu-tools-for-stm32.12.3.rel1.win32_1.0.200.202406191623/tools/bin/../lib/gcc/arm-none-eabi/12.3.1/thumb/v7e-m+dp/hard/crtn.o
                0x20010000                        _estack = (ORIGIN (DTCM) + LENGTH (DTCM))
                0x00000200                        _Min_Heap_Size = 0x200
                0x00000400                        _Min_Stack_Size = 0x400
                0x08000000                        __FLASH_BEGIN = 0x8000000
                0x00010000                        __FLASH_SIZE = 0x10000
                0x24000000                        __RAM_BEGIN = 0x24000000
                0x00071c00                        __RAM_SIZE = 0x71c00
                0x00000400                        __RAM_NONCACHEABLEBUFFER_SIZE = 0x400

.isr_vector     0x08000000      0x2b0
                0x08000000                        . = ALIGN (0x4)
 *(.isr_vector)
 .isr_vector    0x08000000      0x2b0 ./Core/Startup/startup_stm32h7s3l8hx.o
                0x08000000                g_pfnVectors
                0x080002b0                        . = ALIGN (0x4)

.text           0x080002b0     0x983c
                0x080002b0                        . = ALIGN (0x4)
 *(.text)
 .text          0x080002b0       0x40 C:/Moje_pliki/Programy/STM/STM32CubeIDE/plugins/com.st.stm32cube.ide.mcu.externaltools.gnu-tools-for-stm32.12.3.rel1.win32_1.0.200.202406191623/tools/bin/../lib/gcc/arm-none-eabi/12.3.1/thumb/v7e-m+dp/hard/crtbegin.o
 .text          0x080002f0       0x30 C:/Moje_pliki/Programy/STM/STM32CubeIDE/plugins/com.st.stm32cube.ide.mcu.externaltools.gnu-tools-for-stm32.12.3.rel1.win32_1.0.200.202406191623/tools/bin/../lib/gcc/arm-none-eabi/12.3.1/thumb/v7e-m+dp/hard\libgcc.a(_aeabi_uldivmod.o)
                0x080002f0                __aeabi_uldivmod
 .text          0x08000320      0x2bc C:/Moje_pliki/Programy/STM/STM32CubeIDE/plugins/com.st.stm32cube.ide.mcu.externaltools.gnu-tools-for-stm32.12.3.rel1.win32_1.0.200.202406191623/tools/bin/../lib/gcc/arm-none-eabi/12.3.1/thumb/v7e-m+dp/hard\libgcc.a(_udivmoddi4.o)
                0x08000320                __udivmoddi4
 .text          0x080005dc        0x4 C:/Moje_pliki/Programy/STM/STM32CubeIDE/plugins/com.st.stm32cube.ide.mcu.externaltools.gnu-tools-for-stm32.12.3.rel1.win32_1.0.200.202406191623/tools/bin/../lib/gcc/arm-none-eabi/12.3.1/thumb/v7e-m+dp/hard\libgcc.a(_dvmd_tls.o)
                0x080005dc                __aeabi_idiv0
                0x080005dc                __aeabi_ldiv0
 *(.text*)
 .text.MX_EXTMEM_MANAGER_Init
                0x080005e0       0x44 ./Core/Src/extmem_manager.o
                0x080005e0                MX_EXTMEM_MANAGER_Init
 .text.MX_GPIO_Init
                0x08000624       0x30 ./Core/Src/gpio.o
                0x08000624                MX_GPIO_Init
 .text.main     0x08000654      0x150 ./Core/Src/main.o
                0x08000654                main
 .text.SystemClock_Config
                0x080007a4       0xf8 ./Core/Src/main.o
                0x080007a4                SystemClock_Config
 .text.MPU_Config
                0x0800089c       0x8a ./Core/Src/main.o
 .text.Error_Handler
                0x08000926        0xc ./Core/Src/main.o
                0x08000926                Error_Handler
 .text.MX_SBS_Init
                0x08000932        0xe ./Core/Src/sbs.o
                0x08000932                MX_SBS_Init
 .text.HAL_MspInit
                0x08000940       0x90 ./Core/Src/stm32h7rsxx_hal_msp.o
                0x08000940                HAL_MspInit
 .text.NMI_Handler
                0x080009d0        0x8 ./Core/Src/stm32h7rsxx_it.o
                0x080009d0                NMI_Handler
 .text.HardFault_Handler
                0x080009d8        0x8 ./Core/Src/stm32h7rsxx_it.o
                0x080009d8                HardFault_Handler
 .text.MemManage_Handler
                0x080009e0        0x8 ./Core/Src/stm32h7rsxx_it.o
                0x080009e0                MemManage_Handler
 .text.BusFault_Handler
                0x080009e8        0x8 ./Core/Src/stm32h7rsxx_it.o
                0x080009e8                BusFault_Handler
 .text.UsageFault_Handler
                0x080009f0        0x8 ./Core/Src/stm32h7rsxx_it.o
                0x080009f0                UsageFault_Handler
 .text.SVC_Handler
                0x080009f8        0xe ./Core/Src/stm32h7rsxx_it.o
                0x080009f8                SVC_Handler
 .text.DebugMon_Handler
                0x08000a06        0xe ./Core/Src/stm32h7rsxx_it.o
                0x08000a06                DebugMon_Handler
 .text.PendSV_Handler
                0x08000a14        0xe ./Core/Src/stm32h7rsxx_it.o
                0x08000a14                PendSV_Handler
 .text.SysTick_Handler
                0x08000a22        0xc ./Core/Src/stm32h7rsxx_it.o
                0x08000a22                SysTick_Handler
 .text.EXTI13_IRQHandler
                0x08000a2e        0xe ./Core/Src/stm32h7rsxx_it.o
                0x08000a2e                EXTI13_IRQHandler
 .text.SystemInit
                0x08000a3c       0x2c ./Core/Src/system_stm32h7rsxx.o
                0x08000a3c                SystemInit
 .text.MX_XSPI2_Init
                0x08000a68       0xb4 ./Core/Src/xspi.o
                0x08000a68                MX_XSPI2_Init
 .text.HAL_XSPI_MspInit
                0x08000b1c       0xdc ./Core/Src/xspi.o
                0x08000b1c                HAL_XSPI_MspInit
 .text.Reset_Handler
                0x08000bf8       0x50 ./Core/Startup/startup_stm32h7s3l8hx.o
                0x08000bf8                Reset_Handler
 .text.Default_Handler
                0x08000c48        0x2 ./Core/Startup/startup_stm32h7s3l8hx.o
                0x08000c48                HPDMA1_Channel13_IRQHandler
                0x08000c48                EXTI2_IRQHandler
                0x08000c48                MCE2_IRQHandler
                0x08000c48                SAI1_A_IRQHandler
                0x08000c48                EXTI5_IRQHandler
                0x08000c48                I3C1_ER_IRQHandler
                0x08000c48                UART8_IRQHandler
                0x08000c48                SPI4_IRQHandler
                0x08000c48                TIM1_CC_IRQHandler
                0x08000c48                XSPI1_IRQHandler
                0x08000c48                JPEG_IRQHandler
                0x08000c48                TAMP_IRQHandler
                0x08000c48                TIM6_IRQHandler
                0x08000c48                EXTI12_IRQHandler
                0x08000c48                CORDIC_IRQHandler
                0x08000c48                GFXTIM_IRQHandler
                0x08000c48                EXTI3_IRQHandler
                0x08000c48                LPTIM4_IRQHandler
                0x08000c48                GPDMA1_Channel5_IRQHandler
                0x08000c48                EXTI8_IRQHandler
                0x08000c48                LPTIM2_IRQHandler
                0x08000c48                GFXMMU_IRQHandler
                0x08000c48                I2C3_ER_IRQHandler
                0x08000c48                LPTIM3_IRQHandler
                0x08000c48                SAI2_A_IRQHandler
                0x08000c48                EXTI0_IRQHandler
                0x08000c48                HPDMA1_Channel9_IRQHandler
                0x08000c48                I2C2_EV_IRQHandler
                0x08000c48                FPU_IRQHandler
                0x08000c48                GPDMA1_Channel3_IRQHandler
                0x08000c48                GPDMA1_Channel7_IRQHandler
                0x08000c48                FDCAN1_IT1_IRQHandler
                0x08000c48                HPDMA1_Channel3_IRQHandler
                0x08000c48                ADC1_2_IRQHandler
                0x08000c48                GPDMA1_Channel9_IRQHandler
                0x08000c48                SPI1_IRQHandler
                0x08000c48                SAI1_B_IRQHandler
                0x08000c48                GPDMA1_Channel2_IRQHandler
                0x08000c48                I3C1_WKUP_IRQHandler
                0x08000c48                PKA_IRQHandler
                0x08000c48                HPDMA1_Channel2_IRQHandler
                0x08000c48                EXTI15_IRQHandler
                0x08000c48                TIM17_IRQHandler
                0x08000c48                USART3_IRQHandler
                0x08000c48                HPDMA1_Channel6_IRQHandler
                0x08000c48                CRYP_IRQHandler
                0x08000c48                RTC_IRQHandler
                0x08000c48                XSPI2_IRQHandler
                0x08000c48                EXTI9_IRQHandler
                0x08000c48                HPDMA1_Channel0_IRQHandler
                0x08000c48                LPTIM5_IRQHandler
                0x08000c48                HPDMA1_Channel1_IRQHandler
                0x08000c48                UART5_IRQHandler
                0x08000c48                TIM4_IRQHandler
                0x08000c48                I2C1_EV_IRQHandler
                0x08000c48                GPDMA1_Channel12_IRQHandler
                0x08000c48                HPDMA1_Channel7_IRQHandler
                0x08000c48                GPDMA1_Channel1_IRQHandler
                0x08000c48                TIM16_IRQHandler
                0x08000c48                GPDMA1_Channel15_IRQHandler
                0x08000c48                UART4_IRQHandler
                0x08000c48                TIM3_IRQHandler
                0x08000c48                RCC_IRQHandler
                0x08000c48                TIM1_TRG_COM_IRQHandler
                0x08000c48                SAI2_B_IRQHandler
                0x08000c48                Default_Handler
                0x08000c48                GPDMA1_Channel8_IRQHandler
                0x08000c48                HPDMA1_Channel8_IRQHandler
                0x08000c48                CEC_IRQHandler
                0x08000c48                TIM14_IRQHandler
                0x08000c48                TIM13_IRQHandler
                0x08000c48                GPDMA1_Channel11_IRQHandler
                0x08000c48                SPI5_IRQHandler
                0x08000c48                TIM12_IRQHandler
                0x08000c48                TIM7_IRQHandler
                0x08000c48                HPDMA1_Channel10_IRQHandler
                0x08000c48                SDMMC1_IRQHandler
                0x08000c48                SAES_IRQHandler
                0x08000c48                TIM5_IRQHandler
                0x08000c48                UCPD1_IRQHandler
                0x08000c48                GPDMA1_Channel0_IRQHandler
                0x08000c48                I3C1_EV_IRQHandler
                0x08000c48                HPDMA1_Channel5_IRQHandler
                0x08000c48                TIM15_IRQHandler
                0x08000c48                I2C3_EV_IRQHandler
                0x08000c48                HPDMA1_Channel4_IRQHandler
                0x08000c48                HPDMA1_Channel15_IRQHandler
                0x08000c48                TIM9_IRQHandler
                0x08000c48                SPDIF_RX_IRQHandler
                0x08000c48                PVD_PVM_IRQHandler
                0x08000c48                SPI2_IRQHandler
                0x08000c48                HPDMA1_Channel11_IRQHandler
                0x08000c48                EXTI14_IRQHandler
                0x08000c48                EXTI11_IRQHandler
                0x08000c48                CRS_IRQHandler
                0x08000c48                GPDMA1_Channel14_IRQHandler
                0x08000c48                EXTI4_IRQHandler
                0x08000c48                GPDMA1_Channel13_IRQHandler
                0x08000c48                RNG_IRQHandler
                0x08000c48                FDCAN2_IT1_IRQHandler
                0x08000c48                ETH_IRQHandler
                0x08000c48                TIM1_UP_IRQHandler
                0x08000c48                WWDG_IRQHandler
                0x08000c48                SPI6_IRQHandler
                0x08000c48                MDIOS_IRQHandler
                0x08000c48                FDCAN2_IT0_IRQHandler
                0x08000c48                IWDG_IRQHandler
                0x08000c48                HPDMA1_Channel14_IRQHandler
                0x08000c48                LPUART1_IRQHandler
                0x08000c48                FDCAN1_IT0_IRQHandler
                0x08000c48                TIM2_IRQHandler
                0x08000c48                PSSI_IRQHandler
                0x08000c48                MCE3_IRQHandler
                0x08000c48                GPDMA1_Channel4_IRQHandler
                0x08000c48                OTG_HS_IRQHandler
                0x08000c48                EXTI7_IRQHandler
                0x08000c48                DMA2D_IRQHandler
                0x08000c48                TIM1_BRK_IRQHandler
                0x08000c48                EXTI1_IRQHandler
                0x08000c48                SDMMC2_IRQHandler
                0x08000c48                UART7_IRQHandler
                0x08000c48                DTS_IRQHandler
                0x08000c48                USART2_IRQHandler
                0x08000c48                GPDMA1_Channel6_IRQHandler
                0x08000c48                ADF1_FLT0_IRQHandler
                0x08000c48                RAMECC_IRQHandler
                0x08000c48                I2C2_ER_IRQHandler
                0x08000c48                MCE1_IRQHandler
                0x08000c48                HPDMA1_Channel12_IRQHandler
                0x08000c48                FLASH_IRQHandler
                0x08000c48                USART1_IRQHandler
                0x08000c48                EXTI10_IRQHandler
                0x08000c48                OTG_FS_IRQHandler
                0x08000c48                SPI3_IRQHandler
                0x08000c48                WAKEUP_PIN_IRQHandler
                0x08000c48                DCMIPP_IRQHandler
                0x08000c48                I2C1_ER_IRQHandler
                0x08000c48                FMC_IRQHandler
                0x08000c48                EXTI6_IRQHandler
                0x08000c48                LPTIM1_IRQHandler
                0x08000c48                GPDMA1_Channel10_IRQHandler
                0x08000c48                HASH_IRQHandler
 *fill*         0x08000c4a        0x2 
 .text.BSP_LED_Init
                0x08000c4c       0xc4 ./Drivers/BSP/STM32H7xx_Nucleo/stm32h7rsxx_nucleo.o
                0x08000c4c                BSP_LED_Init
 .text.BSP_LED_Off
                0x08000d10       0x34 ./Drivers/BSP/STM32H7xx_Nucleo/stm32h7rsxx_nucleo.o
                0x08000d10                BSP_LED_Off
 .text.BSP_PB_Init
                0x08000d44      0x15c ./Drivers/BSP/STM32H7xx_Nucleo/stm32h7rsxx_nucleo.o
                0x08000d44                BSP_PB_Init
 .text.BSP_PB_Callback
                0x08000ea0       0x16 ./Drivers/BSP/STM32H7xx_Nucleo/stm32h7rsxx_nucleo.o
                0x08000ea0                BSP_PB_Callback
 *fill*         0x08000eb6        0x2 
 .text.BSP_PB_IRQHandler
                0x08000eb8       0x24 ./Drivers/BSP/STM32H7xx_Nucleo/stm32h7rsxx_nucleo.o
                0x08000eb8                BSP_PB_IRQHandler
 .text.BSP_COM_Init
                0x08000edc       0xa0 ./Drivers/BSP/STM32H7xx_Nucleo/stm32h7rsxx_nucleo.o
                0x08000edc                BSP_COM_Init
 .text.BUTTON_USER_EXTI_Callback
                0x08000f7c        0xe ./Drivers/BSP/STM32H7xx_Nucleo/stm32h7rsxx_nucleo.o
 *fill*         0x08000f8a        0x2 
 .text.MX_USART3_Init
                0x08000f8c       0x68 ./Drivers/BSP/STM32H7xx_Nucleo/stm32h7rsxx_nucleo.o
                0x08000f8c                MX_USART3_Init
 .text.UART_MspInit
                0x08000ff4      0x124 ./Drivers/BSP/STM32H7xx_Nucleo/stm32h7rsxx_nucleo.o
 .text.HAL_Init
                0x08001118       0x30 ./Drivers/STM32H7RSxx_HAL_Driver/stm32h7rsxx_hal.o
                0x08001118                HAL_Init
 .text.HAL_InitTick
                0x08001148       0x78 ./Drivers/STM32H7RSxx_HAL_Driver/stm32h7rsxx_hal.o
                0x08001148                HAL_InitTick
 .text.HAL_IncTick
                0x080011c0       0x28 ./Drivers/STM32H7RSxx_HAL_Driver/stm32h7rsxx_hal.o
                0x080011c0                HAL_IncTick
 .text.HAL_GetTick
                0x080011e8       0x18 ./Drivers/STM32H7RSxx_HAL_Driver/stm32h7rsxx_hal.o
                0x080011e8                HAL_GetTick
 .text.HAL_Delay
                0x08001200       0x48 ./Drivers/STM32H7RSxx_HAL_Driver/stm32h7rsxx_hal.o
                0x08001200                HAL_Delay
 .text.HAL_SuspendTick
                0x08001248       0x20 ./Drivers/STM32H7RSxx_HAL_Driver/stm32h7rsxx_hal.o
                0x08001248                HAL_SuspendTick
 .text.HAL_SBS_EnableCompensationCell
                0x08001268       0x28 ./Drivers/STM32H7RSxx_HAL_Driver/stm32h7rsxx_hal.o
                0x08001268                HAL_SBS_EnableCompensationCell
 .text.HAL_SBS_GetCompensationCellReadyStatus
                0x08001290       0x2c ./Drivers/STM32H7RSxx_HAL_Driver/stm32h7rsxx_hal.o
                0x08001290                HAL_SBS_GetCompensationCellReadyStatus
 .text.HAL_SBS_ConfigCompensationCell
                0x080012bc       0xa8 ./Drivers/STM32H7RSxx_HAL_Driver/stm32h7rsxx_hal.o
                0x080012bc                HAL_SBS_ConfigCompensationCell
 .text.HAL_SBS_EnableIOSpeedOptimize
                0x08001364       0x28 ./Drivers/STM32H7RSxx_HAL_Driver/stm32h7rsxx_hal.o
                0x08001364                HAL_SBS_EnableIOSpeedOptimize
 .text.__NVIC_SetPriorityGrouping
                0x0800138c       0x48 ./Drivers/STM32H7RSxx_HAL_Driver/stm32h7rsxx_hal_cortex.o
 .text.__NVIC_GetPriorityGrouping
                0x080013d4       0x1c ./Drivers/STM32H7RSxx_HAL_Driver/stm32h7rsxx_hal_cortex.o
 .text.__NVIC_EnableIRQ
                0x080013f0       0x3c ./Drivers/STM32H7RSxx_HAL_Driver/stm32h7rsxx_hal_cortex.o
 .text.__NVIC_SetPriority
                0x0800142c       0x54 ./Drivers/STM32H7RSxx_HAL_Driver/stm32h7rsxx_hal_cortex.o
 .text.NVIC_EncodePriority
                0x08001480       0x66 ./Drivers/STM32H7RSxx_HAL_Driver/stm32h7rsxx_hal_cortex.o
 *fill*         0x080014e6        0x2 
 .text.SysTick_Config
                0x080014e8       0x44 ./Drivers/STM32H7RSxx_HAL_Driver/stm32h7rsxx_hal_cortex.o
 .text.HAL_NVIC_SetPriorityGrouping
                0x0800152c       0x16 ./Drivers/STM32H7RSxx_HAL_Driver/stm32h7rsxx_hal_cortex.o
                0x0800152c                HAL_NVIC_SetPriorityGrouping
 .text.HAL_NVIC_SetPriority
                0x08001542       0x34 ./Drivers/STM32H7RSxx_HAL_Driver/stm32h7rsxx_hal_cortex.o
                0x08001542                HAL_NVIC_SetPriority
 .text.HAL_NVIC_EnableIRQ
                0x08001576       0x1c ./Drivers/STM32H7RSxx_HAL_Driver/stm32h7rsxx_hal_cortex.o
                0x08001576                HAL_NVIC_EnableIRQ
 .text.HAL_SYSTICK_Config
                0x08001592       0x18 ./Drivers/STM32H7RSxx_HAL_Driver/stm32h7rsxx_hal_cortex.o
                0x08001592                HAL_SYSTICK_Config
 *fill*         0x080015aa        0x2 
 .text.HAL_MPU_Enable
                0x080015ac       0x44 ./Drivers/STM32H7RSxx_HAL_Driver/stm32h7rsxx_hal_cortex.o
                0x080015ac                HAL_MPU_Enable
 .text.HAL_MPU_Disable
                0x080015f0       0x3c ./Drivers/STM32H7RSxx_HAL_Driver/stm32h7rsxx_hal_cortex.o
                0x080015f0                HAL_MPU_Disable
 .text.HAL_MPU_ConfigRegion
                0x0800162c       0x8c ./Drivers/STM32H7RSxx_HAL_Driver/stm32h7rsxx_hal_cortex.o
                0x0800162c                HAL_MPU_ConfigRegion
 .text.HAL_DMA_Abort
                0x080016b8       0xf8 ./Drivers/STM32H7RSxx_HAL_Driver/stm32h7rsxx_hal_dma.o
                0x080016b8                HAL_DMA_Abort
 .text.HAL_EXTI_RegisterCallback
                0x080017b0       0x34 ./Drivers/STM32H7RSxx_HAL_Driver/stm32h7rsxx_hal_exti.o
                0x080017b0                HAL_EXTI_RegisterCallback
 .text.HAL_EXTI_GetHandle
                0x080017e4       0x28 ./Drivers/STM32H7RSxx_HAL_Driver/stm32h7rsxx_hal_exti.o
                0x080017e4                HAL_EXTI_GetHandle
 .text.HAL_EXTI_IRQHandler
                0x0800180c       0x60 ./Drivers/STM32H7RSxx_HAL_Driver/stm32h7rsxx_hal_exti.o
                0x0800180c                HAL_EXTI_IRQHandler
 .text.HAL_GPIO_Init
                0x0800186c      0x2ac ./Drivers/STM32H7RSxx_HAL_Driver/stm32h7rsxx_hal_gpio.o
                0x0800186c                HAL_GPIO_Init
 .text.HAL_GPIO_WritePin
                0x08001b18       0x30 ./Drivers/STM32H7RSxx_HAL_Driver/stm32h7rsxx_hal_gpio.o
                0x08001b18                HAL_GPIO_WritePin
 .text.HAL_PWREx_ConfigSupply
                0x08001b48       0xa4 ./Drivers/STM32H7RSxx_HAL_Driver/stm32h7rsxx_hal_pwr_ex.o
                0x08001b48                HAL_PWREx_ConfigSupply
 .text.HAL_PWREx_ControlVoltageScaling
                0x08001bec       0x50 ./Drivers/STM32H7RSxx_HAL_Driver/stm32h7rsxx_hal_pwr_ex.o
                0x08001bec                HAL_PWREx_ControlVoltageScaling
 .text.HAL_PWREx_EnableXSPIM2
                0x08001c3c       0x20 ./Drivers/STM32H7RSxx_HAL_Driver/stm32h7rsxx_hal_pwr_ex.o
                0x08001c3c                HAL_PWREx_EnableXSPIM2
 .text.HAL_RCC_OscConfig
                0x08001c5c      0x674 ./Drivers/STM32H7RSxx_HAL_Driver/stm32h7rsxx_hal_rcc.o
                0x08001c5c                HAL_RCC_OscConfig
 .text.HAL_RCC_ClockConfig
                0x080022d0      0x330 ./Drivers/STM32H7RSxx_HAL_Driver/stm32h7rsxx_hal_rcc.o
                0x080022d0                HAL_RCC_ClockConfig
 .text.HAL_RCC_GetSysClockFreq
                0x08002600      0x2cc ./Drivers/STM32H7RSxx_HAL_Driver/stm32h7rsxx_hal_rcc.o
                0x08002600                HAL_RCC_GetSysClockFreq
 .text.HAL_RCC_GetHCLKFreq
                0x080028cc       0x50 ./Drivers/STM32H7RSxx_HAL_Driver/stm32h7rsxx_hal_rcc.o
                0x080028cc                HAL_RCC_GetHCLKFreq
 .text.HAL_RCC_GetPCLK1Freq
                0x0800291c       0x38 ./Drivers/STM32H7RSxx_HAL_Driver/stm32h7rsxx_hal_rcc.o
                0x0800291c                HAL_RCC_GetPCLK1Freq
 .text.HAL_RCC_GetPCLK2Freq
                0x08002954       0x38 ./Drivers/STM32H7RSxx_HAL_Driver/stm32h7rsxx_hal_rcc.o
                0x08002954                HAL_RCC_GetPCLK2Freq
 .text.HAL_RCC_GetPCLK4Freq
                0x0800298c       0x38 ./Drivers/STM32H7RSxx_HAL_Driver/stm32h7rsxx_hal_rcc.o
                0x0800298c                HAL_RCC_GetPCLK4Freq
 .text.HAL_RCC_GetPLL1QFreq
                0x080029c4       0x2c ./Drivers/STM32H7RSxx_HAL_Driver/stm32h7rsxx_hal_rcc.o
                0x080029c4                HAL_RCC_GetPLL1QFreq
 .text.HAL_RCC_GetPLL2PFreq
                0x080029f0       0x2c ./Drivers/STM32H7RSxx_HAL_Driver/stm32h7rsxx_hal_rcc.o
                0x080029f0                HAL_RCC_GetPLL2PFreq
 .text.HAL_RCC_GetPLL2QFreq
                0x08002a1c       0x2c ./Drivers/STM32H7RSxx_HAL_Driver/stm32h7rsxx_hal_rcc.o
                0x08002a1c                HAL_RCC_GetPLL2QFreq
 .text.HAL_RCC_GetPLL2RFreq
                0x08002a48       0x2c ./Drivers/STM32H7RSxx_HAL_Driver/stm32h7rsxx_hal_rcc.o
                0x08002a48                HAL_RCC_GetPLL2RFreq
 .text.HAL_RCC_GetPLL2SFreq
                0x08002a74       0x2c ./Drivers/STM32H7RSxx_HAL_Driver/stm32h7rsxx_hal_rcc.o
                0x08002a74                HAL_RCC_GetPLL2SFreq
 .text.HAL_RCC_GetPLL2TFreq
                0x08002aa0       0x30 ./Drivers/STM32H7RSxx_HAL_Driver/stm32h7rsxx_hal_rcc.o
                0x08002aa0                HAL_RCC_GetPLL2TFreq
 .text.HAL_RCC_GetPLL3PFreq
                0x08002ad0       0x2c ./Drivers/STM32H7RSxx_HAL_Driver/stm32h7rsxx_hal_rcc.o
                0x08002ad0                HAL_RCC_GetPLL3PFreq
 .text.HAL_RCC_GetPLL3QFreq
                0x08002afc       0x2c ./Drivers/STM32H7RSxx_HAL_Driver/stm32h7rsxx_hal_rcc.o
                0x08002afc                HAL_RCC_GetPLL3QFreq
 .text.HAL_RCC_GetPLL3RFreq
                0x08002b28       0x2c ./Drivers/STM32H7RSxx_HAL_Driver/stm32h7rsxx_hal_rcc.o
                0x08002b28                HAL_RCC_GetPLL3RFreq
 .text.HAL_RCC_GetPLL3SFreq
                0x08002b54       0x2c ./Drivers/STM32H7RSxx_HAL_Driver/stm32h7rsxx_hal_rcc.o
                0x08002b54                HAL_RCC_GetPLL3SFreq
 .text.RCC_PLL_Config
                0x08002b80      0x2ac ./Drivers/STM32H7RSxx_HAL_Driver/stm32h7rsxx_hal_rcc.o
 .text.RCC_PLL1_GetVCOOutputFreq
                0x08002e2c      0x10c ./Drivers/STM32H7RSxx_HAL_Driver/stm32h7rsxx_hal_rcc.o
 .text.RCC_PLL2_GetVCOOutputFreq
                0x08002f38      0x10c ./Drivers/STM32H7RSxx_HAL_Driver/stm32h7rsxx_hal_rcc.o
 .text.RCC_PLL3_GetVCOOutputFreq
                0x08003044      0x10c ./Drivers/STM32H7RSxx_HAL_Driver/stm32h7rsxx_hal_rcc.o
 .text.HAL_RCCEx_PeriphCLKConfig
                0x08003150      0xe08 ./Drivers/STM32H7RSxx_HAL_Driver/stm32h7rsxx_hal_rcc_ex.o
                0x08003150                HAL_RCCEx_PeriphCLKConfig
 .text.HAL_RCCEx_GetPeriphCLKFreq
                0x08003f58     0x1680 ./Drivers/STM32H7RSxx_HAL_Driver/stm32h7rsxx_hal_rcc_ex.o
                0x08003f58                HAL_RCCEx_GetPeriphCLKFreq
 .text.HAL_RCCEx_EnableClockProtection
                0x080055d8       0x28 ./Drivers/STM32H7RSxx_HAL_Driver/stm32h7rsxx_hal_rcc_ex.o
                0x080055d8                HAL_RCCEx_EnableClockProtection
 .text.RCC_GetCLKPFreq
                0x08005600       0x98 ./Drivers/STM32H7RSxx_HAL_Driver/stm32h7rsxx_hal_rcc_ex.o
 .text.HAL_UART_Init
                0x08005698       0xa0 ./Drivers/STM32H7RSxx_HAL_Driver/stm32h7rsxx_hal_uart.o
                0x08005698                HAL_UART_Init
 .text.HAL_UART_MspInit
                0x08005738       0x14 ./Drivers/STM32H7RSxx_HAL_Driver/stm32h7rsxx_hal_uart.o
                0x08005738                HAL_UART_MspInit
 .text.UART_SetConfig
                0x0800574c      0x72c ./Drivers/STM32H7RSxx_HAL_Driver/stm32h7rsxx_hal_uart.o
                0x0800574c                UART_SetConfig
 .text.UART_AdvFeatureConfig
                0x08005e78      0x144 ./Drivers/STM32H7RSxx_HAL_Driver/stm32h7rsxx_hal_uart.o
                0x08005e78                UART_AdvFeatureConfig
 .text.UART_CheckIdleState
                0x08005fbc      0x154 ./Drivers/STM32H7RSxx_HAL_Driver/stm32h7rsxx_hal_uart.o
                0x08005fbc                UART_CheckIdleState
 .text.UART_WaitOnFlagUntilTimeout
                0x08006110       0xda ./Drivers/STM32H7RSxx_HAL_Driver/stm32h7rsxx_hal_uart.o
                0x08006110                UART_WaitOnFlagUntilTimeout
 *fill*         0x080061ea        0x2 
 .text.UART_EndRxTransfer
                0x080061ec       0xcc ./Drivers/STM32H7RSxx_HAL_Driver/stm32h7rsxx_hal_uart.o
 .text.HAL_XSPI_Init
                0x080062b8      0x1d0 ./Drivers/STM32H7RSxx_HAL_Driver/stm32h7rsxx_hal_xspi.o
                0x080062b8                HAL_XSPI_Init
 .text.HAL_XSPI_Command
                0x08006488      0x120 ./Drivers/STM32H7RSxx_HAL_Driver/stm32h7rsxx_hal_xspi.o
                0x08006488                HAL_XSPI_Command
 .text.HAL_XSPI_Transmit
                0x080065a8       0xe6 ./Drivers/STM32H7RSxx_HAL_Driver/stm32h7rsxx_hal_xspi.o
                0x080065a8                HAL_XSPI_Transmit
 .text.HAL_XSPI_Receive
                0x0800668e      0x146 ./Drivers/STM32H7RSxx_HAL_Driver/stm32h7rsxx_hal_xspi.o
                0x0800668e                HAL_XSPI_Receive
 .text.HAL_XSPI_AutoPolling
                0x080067d4      0x114 ./Drivers/STM32H7RSxx_HAL_Driver/stm32h7rsxx_hal_xspi.o
                0x080067d4                HAL_XSPI_AutoPolling
 .text.HAL_XSPI_MemoryMapped
                0x080068e8       0x9c ./Drivers/STM32H7RSxx_HAL_Driver/stm32h7rsxx_hal_xspi.o
                0x080068e8                HAL_XSPI_MemoryMapped
 .text.HAL_XSPI_Abort
                0x08006984      0x10e ./Drivers/STM32H7RSxx_HAL_Driver/stm32h7rsxx_hal_xspi.o
                0x08006984                HAL_XSPI_Abort
 .text.HAL_XSPI_SetTimeout
                0x08006a92       0x1e ./Drivers/STM32H7RSxx_HAL_Driver/stm32h7rsxx_hal_xspi.o
                0x08006a92                HAL_XSPI_SetTimeout
 .text.HAL_XSPIM_Config
                0x08006ab0      0x1e0 ./Drivers/STM32H7RSxx_HAL_Driver/stm32h7rsxx_hal_xspi.o
                0x08006ab0                HAL_XSPIM_Config
 .text.XSPI_WaitFlagStateUntilTimeout
                0x08006c90       0x6c ./Drivers/STM32H7RSxx_HAL_Driver/stm32h7rsxx_hal_xspi.o
 .text.XSPI_ConfigCmd
                0x08006cfc      0x334 ./Drivers/STM32H7RSxx_HAL_Driver/stm32h7rsxx_hal_xspi.o
 .text.XSPIM_GetConfig
                0x08007030       0xc8 ./Drivers/STM32H7RSxx_HAL_Driver/stm32h7rsxx_hal_xspi.o
 .text.BOOT_Application
                0x080070f8       0x26 ./Middlewares/ST/STM32_ExtMem_Manager/stm32_boot_xip.o
                0x080070f8                BOOT_Application
 .text.MapMemory
                0x0800711e       0x5c ./Middlewares/ST/STM32_ExtMem_Manager/stm32_boot_xip.o
                0x0800711e                MapMemory
 *fill*         0x0800717a        0x2 
 .text.JumpToApplication
                0x0800717c      0x10c ./Middlewares/ST/STM32_ExtMem_Manager/stm32_boot_xip.o
                0x0800717c                JumpToApplication
 .text.EXTMEM_Init
                0x08007288       0x84 ./Middlewares/ST/STM32_ExtMem_Manager/stm32_extmem.o
                0x08007288                EXTMEM_Init
 .text.EXTMEM_DeInit
                0x0800730c       0x58 ./Middlewares/ST/STM32_ExtMem_Manager/stm32_extmem.o
                0x0800730c                EXTMEM_DeInit
 .text.EXTMEM_MemoryMappedMode
                0x08007364       0x9c ./Middlewares/ST/STM32_ExtMem_Manager/stm32_extmem.o
                0x08007364                EXTMEM_MemoryMappedMode
 .text.EXTMEM_GetMapAddress
                0x08007400       0x9c ./Middlewares/ST/STM32_ExtMem_Manager/stm32_extmem.o
                0x08007400                EXTMEM_GetMapAddress
 .text.SAL_XSPI_SetClock
                0x0800749c       0x7e ./Middlewares/ST/STM32_ExtMem_Manager/stm32_sal_xspi.o
                0x0800749c                SAL_XSPI_SetClock
 .text.SAL_XSPI_Init
                0x0800751a       0x66 ./Middlewares/ST/STM32_ExtMem_Manager/stm32_sal_xspi.o
                0x0800751a                SAL_XSPI_Init
 .text.SAL_XSPI_MemoryConfig
                0x08007580      0x2a4 ./Middlewares/ST/STM32_ExtMem_Manager/stm32_sal_xspi.o
                0x08007580                SAL_XSPI_MemoryConfig
 .text.SAL_XSPI_GetSFDP
                0x08007824       0xb8 ./Middlewares/ST/STM32_ExtMem_Manager/stm32_sal_xspi.o
                0x08007824                SAL_XSPI_GetSFDP
 .text.SAL_XSPI_GetId
                0x080078dc       0xa6 ./Middlewares/ST/STM32_ExtMem_Manager/stm32_sal_xspi.o
                0x080078dc                SAL_XSPI_GetId
 .text.SAL_XSPI_Read
                0x08007982       0xd0 ./Middlewares/ST/STM32_ExtMem_Manager/stm32_sal_xspi.o
                0x08007982                SAL_XSPI_Read
 .text.SAL_XSPI_Write
                0x08007a52       0x92 ./Middlewares/ST/STM32_ExtMem_Manager/stm32_sal_xspi.o
                0x08007a52                SAL_XSPI_Write
 .text.SAL_XSPI_CommandSendData
                0x08007ae4       0xa8 ./Middlewares/ST/STM32_ExtMem_Manager/stm32_sal_xspi.o
                0x08007ae4                SAL_XSPI_CommandSendData
 .text.SAL_XSPI_SendReadCommand
                0x08007b8c       0xa8 ./Middlewares/ST/STM32_ExtMem_Manager/stm32_sal_xspi.o
                0x08007b8c                SAL_XSPI_SendReadCommand
 .text.SAL_XSPI_CommandSendReadAddress
                0x08007c34       0x9a ./Middlewares/ST/STM32_ExtMem_Manager/stm32_sal_xspi.o
                0x08007c34                SAL_XSPI_CommandSendReadAddress
 .text.SAL_XSPI_CheckStatusRegister
                0x08007cce       0xd8 ./Middlewares/ST/STM32_ExtMem_Manager/stm32_sal_xspi.o
                0x08007cce                SAL_XSPI_CheckStatusRegister
 .text.SAL_XSPI_EnableMapMode
                0x08007da6       0xee ./Middlewares/ST/STM32_ExtMem_Manager/stm32_sal_xspi.o
                0x08007da6                SAL_XSPI_EnableMapMode
 .text.SAL_XSPI_DisableMapMode
                0x08007e94       0x22 ./Middlewares/ST/STM32_ExtMem_Manager/stm32_sal_xspi.o
                0x08007e94                SAL_XSPI_DisableMapMode
 .text.SAL_XSPI_UpdateMemoryType
                0x08007eb6       0x70 ./Middlewares/ST/STM32_ExtMem_Manager/stm32_sal_xspi.o
                0x08007eb6                SAL_XSPI_UpdateMemoryType
 .text.XSPI_FormatCommand
                0x08007f26       0x52 ./Middlewares/ST/STM32_ExtMem_Manager/stm32_sal_xspi.o
                0x08007f26                XSPI_FormatCommand
 .text.XSPI_Transmit
                0x08007f78       0x26 ./Middlewares/ST/STM32_ExtMem_Manager/stm32_sal_xspi.o
                0x08007f78                XSPI_Transmit
 .text.XSPI_Receive
                0x08007f9e       0x26 ./Middlewares/ST/STM32_ExtMem_Manager/stm32_sal_xspi.o
                0x08007f9e                XSPI_Receive
 .text.SFDP_ReadHeader
                0x08007fc4       0x7a ./Middlewares/ST/STM32_ExtMem_Manager/stm32_sfdp_data.o
                0x08007fc4                SFDP_ReadHeader
 *fill*         0x0800803e        0x2 
 .text.SFDP_GetHeader
                0x08008040       0xbc ./Middlewares/ST/STM32_ExtMem_Manager/stm32_sfdp_data.o
                0x08008040                SFDP_GetHeader
 .text.SFDP_CollectData
                0x080080fc      0x1b8 ./Middlewares/ST/STM32_ExtMem_Manager/stm32_sfdp_data.o
                0x080080fc                SFDP_CollectData
 .text.SFDP_MemoryReset
                0x080082b4      0x1b8 ./Middlewares/ST/STM32_ExtMem_Manager/stm32_sfdp_data.o
                0x080082b4                SFDP_MemoryReset
 .text.SFDP_BuildGenericDriver
                0x0800846c      0xb6c ./Middlewares/ST/STM32_ExtMem_Manager/stm32_sfdp_data.o
                0x0800846c                SFDP_BuildGenericDriver
 .text.driver_check_FlagBUSY
                0x08008fd8       0x72 ./Middlewares/ST/STM32_ExtMem_Manager/stm32_sfdp_data.o
                0x08008fd8                driver_check_FlagBUSY
 *fill*         0x0800904a        0x2 
 .text.sfdp_getfrequencevalue
                0x0800904c       0x4c ./Middlewares/ST/STM32_ExtMem_Manager/stm32_sfdp_data.o
                0x0800904c                sfdp_getfrequencevalue
 .text.sfdp_get_paraminfo
                0x08009098      0x1e8 ./Middlewares/ST/STM32_ExtMem_Manager/stm32_sfdp_data.o
                0x08009098                sfdp_get_paraminfo
 .text.sfpd_enter_octal_mode
                0x08009280      0x1d4 ./Middlewares/ST/STM32_ExtMem_Manager/stm32_sfdp_data.o
                0x08009280                sfpd_enter_octal_mode
 .text.sfpd_set_dummycycle
                0x08009454      0x1c8 ./Middlewares/ST/STM32_ExtMem_Manager/stm32_sfdp_data.o
                0x08009454                sfpd_set_dummycycle
 .text.JEDEC_Basic_ManageQuadEnableRequierement
                0x0800961c      0x174 ./Middlewares/ST/STM32_ExtMem_Manager/stm32_sfdp_data.o
                0x0800961c                JEDEC_Basic_ManageQuadEnableRequierement
 .text.JEDEC_Basic_Manage4S4S4SEnableSequence
                0x08009790       0x7c ./Middlewares/ST/STM32_ExtMem_Manager/stm32_sfdp_data.o
                0x08009790                JEDEC_Basic_Manage4S4S4SEnableSequence
 .text.CheckSFDP_Signature
                0x0800980c       0x54 ./Middlewares/ST/STM32_ExtMem_Manager/stm32_sfdp_data.o
                0x0800980c                CheckSFDP_Signature
 .text.EXTMEM_DRIVER_NOR_SFDP_Init
                0x08009860      0x174 ./Middlewares/ST/STM32_ExtMem_Manager/stm32_sfdp_driver.o
                0x08009860                EXTMEM_DRIVER_NOR_SFDP_Init
 .text.EXTMEM_DRIVER_NOR_SFDP_DeInit
                0x080099d4       0x1e ./Middlewares/ST/STM32_ExtMem_Manager/stm32_sfdp_driver.o
                0x080099d4                EXTMEM_DRIVER_NOR_SFDP_DeInit
 .text.EXTMEM_DRIVER_NOR_SFDP_Enable_MemoryMappedMode
                0x080099f2       0x42 ./Middlewares/ST/STM32_ExtMem_Manager/stm32_sfdp_driver.o
                0x080099f2                EXTMEM_DRIVER_NOR_SFDP_Enable_MemoryMappedMode
 .text.EXTMEM_DRIVER_NOR_SFDP_Disable_MemoryMappedMode
                0x08009a34       0x2c ./Middlewares/ST/STM32_ExtMem_Manager/stm32_sfdp_driver.o
                0x08009a34                EXTMEM_DRIVER_NOR_SFDP_Disable_MemoryMappedMode
 .text.memset   0x08009a60       0x10 C:/Moje_pliki/Programy/STM/STM32CubeIDE/plugins/com.st.stm32cube.ide.mcu.externaltools.gnu-tools-for-stm32.12.3.rel1.win32_1.0.200.202406191623/tools/bin/../lib/gcc/arm-none-eabi/12.3.1/../../../../arm-none-eabi/lib/thumb/v7e-m+dp/hard\libc_nano.a(libc_a-memset.o)
                0x08009a60                memset
 .text.__libc_init_array
                0x08009a70       0x48 C:/Moje_pliki/Programy/STM/STM32CubeIDE/plugins/com.st.stm32cube.ide.mcu.externaltools.gnu-tools-for-stm32.12.3.rel1.win32_1.0.200.202406191623/tools/bin/../lib/gcc/arm-none-eabi/12.3.1/../../../../arm-none-eabi/lib/thumb/v7e-m+dp/hard\libc_nano.a(libc_a-init.o)
                0x08009a70                __libc_init_array
 .text.memcpy   0x08009ab8       0x1c C:/Moje_pliki/Programy/STM/STM32CubeIDE/plugins/com.st.stm32cube.ide.mcu.externaltools.gnu-tools-for-stm32.12.3.rel1.win32_1.0.200.202406191623/tools/bin/../lib/gcc/arm-none-eabi/12.3.1/../../../../arm-none-eabi/lib/thumb/v7e-m+dp/hard\libc_nano.a(libc_a-memcpy-stub.o)
                0x08009ab8                memcpy
 *(.glue_7)
 .glue_7        0x08009ad4        0x0 linker stubs
 *(.glue_7t)
 .glue_7t       0x08009ad4        0x0 linker stubs
 *(.eh_frame)
 .eh_frame      0x08009ad4        0x0 C:/Moje_pliki/Programy/STM/STM32CubeIDE/plugins/com.st.stm32cube.ide.mcu.externaltools.gnu-tools-for-stm32.12.3.rel1.win32_1.0.200.202406191623/tools/bin/../lib/gcc/arm-none-eabi/12.3.1/thumb/v7e-m+dp/hard/crtbegin.o
 *(.init)
 .init          0x08009ad4        0x4 C:/Moje_pliki/Programy/STM/STM32CubeIDE/plugins/com.st.stm32cube.ide.mcu.externaltools.gnu-tools-for-stm32.12.3.rel1.win32_1.0.200.202406191623/tools/bin/../lib/gcc/arm-none-eabi/12.3.1/thumb/v7e-m+dp/hard/crti.o
                0x08009ad4                _init
 .init          0x08009ad8        0x8 C:/Moje_pliki/Programy/STM/STM32CubeIDE/plugins/com.st.stm32cube.ide.mcu.externaltools.gnu-tools-for-stm32.12.3.rel1.win32_1.0.200.202406191623/tools/bin/../lib/gcc/arm-none-eabi/12.3.1/thumb/v7e-m+dp/hard/crtn.o
 *(.fini)
 .fini          0x08009ae0        0x4 C:/Moje_pliki/Programy/STM/STM32CubeIDE/plugins/com.st.stm32cube.ide.mcu.externaltools.gnu-tools-for-stm32.12.3.rel1.win32_1.0.200.202406191623/tools/bin/../lib/gcc/arm-none-eabi/12.3.1/thumb/v7e-m+dp/hard/crti.o
                0x08009ae0                _fini
 .fini          0x08009ae4        0x8 C:/Moje_pliki/Programy/STM/STM32CubeIDE/plugins/com.st.stm32cube.ide.mcu.externaltools.gnu-tools-for-stm32.12.3.rel1.win32_1.0.200.202406191623/tools/bin/../lib/gcc/arm-none-eabi/12.3.1/thumb/v7e-m+dp/hard/crtn.o
                0x08009aec                        . = ALIGN (0x4)
                0x08009aec                        _etext = .

.vfp11_veneer   0x08009aec        0x0
 .vfp11_veneer  0x08009aec        0x0 linker stubs

.v4_bx          0x08009aec        0x0
 .v4_bx         0x08009aec        0x0 linker stubs

.iplt           0x08009aec        0x0
 .iplt          0x08009aec        0x0 C:/Moje_pliki/Programy/STM/STM32CubeIDE/plugins/com.st.stm32cube.ide.mcu.externaltools.gnu-tools-for-stm32.12.3.rel1.win32_1.0.200.202406191623/tools/bin/../lib/gcc/arm-none-eabi/12.3.1/thumb/v7e-m+dp/hard/crtbegin.o

.rodata         0x08009aec       0x64
                0x08009aec                        . = ALIGN (0x4)
 *(.rodata)
 .rodata        0x08009aec        0x8 ./Drivers/STM32H7RSxx_HAL_Driver/stm32h7rsxx_hal_rcc.o
 .rodata        0x08009af4       0x2a ./Middlewares/ST/STM32_ExtMem_Manager/stm32_sfdp_data.o
 *(.rodata*)
 *fill*         0x08009b1e        0x2 
 .rodata.UARTPrescTable
                0x08009b20       0x18 ./Drivers/STM32H7RSxx_HAL_Driver/stm32h7rsxx_hal_uart.o
                0x08009b20                UARTPrescTable
 .rodata.block_erase_unit.1
                0x08009b38        0x8 ./Middlewares/ST/STM32_ExtMem_Manager/stm32_sfdp_data.o
 .rodata.chip_erase_unit.0
                0x08009b40       0x10 ./Middlewares/ST/STM32_ExtMem_Manager/stm32_sfdp_data.o
                0x08009b50                        . = ALIGN (0x4)

.ARM.extab      0x08009b50        0x0
                0x08009b50                        . = ALIGN (0x4)
 *(.ARM.extab* .gnu.linkonce.armextab.*)
                0x08009b50                        . = ALIGN (0x4)

.ARM            0x08009b50        0x8
                0x08009b50                        . = ALIGN (0x4)
                0x08009b50                        __exidx_start = .
 *(.ARM.exidx*)
 .ARM.exidx     0x08009b50        0x8 C:/Moje_pliki/Programy/STM/STM32CubeIDE/plugins/com.st.stm32cube.ide.mcu.externaltools.gnu-tools-for-stm32.12.3.rel1.win32_1.0.200.202406191623/tools/bin/../lib/gcc/arm-none-eabi/12.3.1/thumb/v7e-m+dp/hard\libgcc.a(_udivmoddi4.o)
                0x08009b58                        __exidx_end = .
                0x08009b58                        . = ALIGN (0x4)

.preinit_array  0x08009b58        0x0
                0x08009b58                        . = ALIGN (0x4)
                0x08009b58                        PROVIDE (__preinit_array_start = .)
 *(.preinit_array*)
                0x08009b58                        PROVIDE (__preinit_array_end = .)
                0x08009b58                        . = ALIGN (0x4)

.init_array     0x08009b58        0x4
                0x08009b58                        . = ALIGN (0x4)
                0x08009b58                        PROVIDE (__init_array_start = .)
 *(SORT_BY_NAME(.init_array.*))
 *(.init_array*)
 .init_array    0x08009b58        0x4 C:/Moje_pliki/Programy/STM/STM32CubeIDE/plugins/com.st.stm32cube.ide.mcu.externaltools.gnu-tools-for-stm32.12.3.rel1.win32_1.0.200.202406191623/tools/bin/../lib/gcc/arm-none-eabi/12.3.1/thumb/v7e-m+dp/hard/crtbegin.o
                0x08009b5c                        PROVIDE (__init_array_end = .)
                0x08009b5c                        . = ALIGN (0x4)

.fini_array     0x08009b5c        0x4
                0x08009b5c                        . = ALIGN (0x4)
                [!provide]                        PROVIDE (__fini_array_start = .)
 *(SORT_BY_NAME(.fini_array.*))
 *(.fini_array*)
 .fini_array    0x08009b5c        0x4 C:/Moje_pliki/Programy/STM/STM32CubeIDE/plugins/com.st.stm32cube.ide.mcu.externaltools.gnu-tools-for-stm32.12.3.rel1.win32_1.0.200.202406191623/tools/bin/../lib/gcc/arm-none-eabi/12.3.1/thumb/v7e-m+dp/hard/crtbegin.o
                [!provide]                        PROVIDE (__fini_array_end = .)
                0x08009b60                        . = ALIGN (0x4)
                0x08009b60                        _sidata = LOADADDR (.data)

.rel.dyn        0x08009b60        0x0
 .rel.iplt      0x08009b60        0x0 C:/Moje_pliki/Programy/STM/STM32CubeIDE/plugins/com.st.stm32cube.ide.mcu.externaltools.gnu-tools-for-stm32.12.3.rel1.win32_1.0.200.202406191623/tools/bin/../lib/gcc/arm-none-eabi/12.3.1/thumb/v7e-m+dp/hard/crtbegin.o

.data           0x24000000       0x30 load address 0x08009b60
                0x24000000                        . = ALIGN (0x4)
                0x24000000                        _sdata = .
 *(.data)
 *(.data*)
 .data.SystemCoreClock
                0x24000000        0x4 ./Core/Src/system_stm32h7rsxx.o
                0x24000000                SystemCoreClock
 .data.LED_PIN  0x24000004        0x6 ./Drivers/BSP/STM32H7xx_Nucleo/stm32h7rsxx_nucleo.o
 *fill*         0x2400000a        0x2 
 .data.LED_PORT
                0x2400000c        0xc ./Drivers/BSP/STM32H7xx_Nucleo/stm32h7rsxx_nucleo.o
 .data.BUTTON_PIN
                0x24000018        0x2 ./Drivers/BSP/STM32H7xx_Nucleo/stm32h7rsxx_nucleo.o
 *fill*         0x2400001a        0x2 
 .data.BUTTON_PORT
                0x2400001c        0x4 ./Drivers/BSP/STM32H7xx_Nucleo/stm32h7rsxx_nucleo.o
 .data.BUTTON_IRQn
                0x24000020        0x2 ./Drivers/BSP/STM32H7xx_Nucleo/stm32h7rsxx_nucleo.o
 *fill*         0x24000022        0x2 
 .data.COM_UART
                0x24000024        0x4 ./Drivers/BSP/STM32H7xx_Nucleo/stm32h7rsxx_nucleo.o
 .data.uwTickPrio
                0x24000028        0x4 ./Drivers/STM32H7RSxx_HAL_Driver/stm32h7rsxx_hal.o
                0x24000028                uwTickPrio
 .data.uwTickFreq
                0x2400002c        0x1 ./Drivers/STM32H7RSxx_HAL_Driver/stm32h7rsxx_hal.o
                0x2400002c                uwTickFreq
 *(.RamFunc)
 *(.RamFunc*)
                0x24000030                        . = ALIGN (0x4)
 *fill*         0x2400002d        0x3 
                0x24000030                        _edata = .

.igot.plt       0x24000030        0x0 load address 0x08009b90
 .igot.plt      0x24000030        0x0 C:/Moje_pliki/Programy/STM/STM32CubeIDE/plugins/com.st.stm32cube.ide.mcu.externaltools.gnu-tools-for-stm32.12.3.rel1.win32_1.0.200.202406191623/tools/bin/../lib/gcc/arm-none-eabi/12.3.1/thumb/v7e-m+dp/hard/crtbegin.o
                0x24000030                        . = ALIGN (0x4)

.bss            0x24000030      0x360 load address 0x08009b90
                0x24000030                        _sbss = .
                0x24000030                        __bss_start__ = _sbss
 *(.bss)
 .bss           0x24000030       0x1c C:/Moje_pliki/Programy/STM/STM32CubeIDE/plugins/com.st.stm32cube.ide.mcu.externaltools.gnu-tools-for-stm32.12.3.rel1.win32_1.0.200.202406191623/tools/bin/../lib/gcc/arm-none-eabi/12.3.1/thumb/v7e-m+dp/hard/crtbegin.o
 *(.bss*)
 .bss.BspCOMInit
                0x2400004c       0x10 ./Core/Src/main.o
                0x2400004c                BspCOMInit
 .bss.hxspi2    0x2400005c       0x60 ./Core/Src/xspi.o
                0x2400005c                hxspi2
 .bss.hcom_uart
                0x240000bc       0x94 ./Drivers/BSP/STM32H7xx_Nucleo/stm32h7rsxx_nucleo.o
                0x240000bc                hcom_uart
 .bss.hpb_exti  0x24000150        0x8 ./Drivers/BSP/STM32H7xx_Nucleo/stm32h7rsxx_nucleo.o
 .bss.uwTick    0x24000158        0x4 ./Drivers/STM32H7RSxx_HAL_Driver/stm32h7rsxx_hal.o
                0x24000158                uwTick
 .bss.extmem_list_config
                0x2400015c       0xac ./Middlewares/ST/STM32_ExtMem_Manager/stm32_extmem.o
                0x2400015c                extmem_list_config
 .bss.sfdp_param_info
                0x24000208       0x78 ./Middlewares/ST/STM32_ExtMem_Manager/stm32_sfdp_data.o
 .bss.JEDEC_Basic
                0x24000280       0x60 ./Middlewares/ST/STM32_ExtMem_Manager/stm32_sfdp_data.o
 .bss.JEDEC_Address4Bit
                0x240002e0        0x8 ./Middlewares/ST/STM32_ExtMem_Manager/stm32_sfdp_data.o
 .bss.JEDEC_XSPI10
                0x240002e8       0x18 ./Middlewares/ST/STM32_ExtMem_Manager/stm32_sfdp_data.o
 .bss.JEDEC_SCCR_Map
                0x24000300       0x70 ./Middlewares/ST/STM32_ExtMem_Manager/stm32_sfdp_data.o
 .bss.JEDEC_OctalDdr
                0x24000370       0x20 ./Middlewares/ST/STM32_ExtMem_Manager/stm32_sfdp_data.o
 *(COMMON)
                0x24000390                        . = ALIGN (0x4)
                0x24000390                        _ebss = .
                0x24000390                        __bss_end__ = _ebss

RW_NONCACHEABLE
                0x24071c00        0x0
                0x24071c00                        __NONCACHEABLEBUFFER_BEGIN = .
 *(noncacheable_buffer)
                0x24071c00                        __NONCACHEABLEBUFFER_END = .

._user_heap_stack
                0x20000000      0x600
                0x20000000                        . = ALIGN (0x8)
                [!provide]                        PROVIDE (end = .)
                0x20000000                        PROVIDE (_end = .)
                0x20000200                        . = (. + _Min_Heap_Size)
 *fill*         0x20000000      0x200 
                0x20000600                        . = (. + _Min_Stack_Size)
 *fill*         0x20000200      0x400 
                0x20000600                        . = ALIGN (0x8)

/DISCARD/
 libc.a(*)
 libm.a(*)
 libgcc.a(*)

.ARM.attributes
                0x00000000       0x2e
 *(.ARM.attributes)
 .ARM.attributes
                0x00000000       0x20 C:/Moje_pliki/Programy/STM/STM32CubeIDE/plugins/com.st.stm32cube.ide.mcu.externaltools.gnu-tools-for-stm32.12.3.rel1.win32_1.0.200.202406191623/tools/bin/../lib/gcc/arm-none-eabi/12.3.1/thumb/v7e-m+dp/hard/crti.o
 .ARM.attributes
                0x00000020       0x32 C:/Moje_pliki/Programy/STM/STM32CubeIDE/plugins/com.st.stm32cube.ide.mcu.externaltools.gnu-tools-for-stm32.12.3.rel1.win32_1.0.200.202406191623/tools/bin/../lib/gcc/arm-none-eabi/12.3.1/thumb/v7e-m+dp/hard/crtbegin.o
 .ARM.attributes
                0x00000052       0x32 ./Core/Src/extmem_manager.o
 .ARM.attributes
                0x00000084       0x32 ./Core/Src/gpio.o
 .ARM.attributes
                0x000000b6       0x32 ./Core/Src/main.o
 .ARM.attributes
                0x000000e8       0x32 ./Core/Src/sbs.o
 .ARM.attributes
                0x0000011a       0x32 ./Core/Src/stm32h7rsxx_hal_msp.o
 .ARM.attributes
                0x0000014c       0x32 ./Core/Src/stm32h7rsxx_it.o
 .ARM.attributes
                0x0000017e       0x32 ./Core/Src/system_stm32h7rsxx.o
 .ARM.attributes
                0x000001b0       0x32 ./Core/Src/xspi.o
 .ARM.attributes
                0x000001e2       0x21 ./Core/Startup/startup_stm32h7s3l8hx.o
 .ARM.attributes
                0x00000203       0x32 ./Drivers/BSP/STM32H7xx_Nucleo/stm32h7rsxx_nucleo.o
 .ARM.attributes
                0x00000235       0x32 ./Drivers/STM32H7RSxx_HAL_Driver/stm32h7rsxx_hal.o
 .ARM.attributes
                0x00000267       0x32 ./Drivers/STM32H7RSxx_HAL_Driver/stm32h7rsxx_hal_cortex.o
 .ARM.attributes
                0x00000299       0x32 ./Drivers/STM32H7RSxx_HAL_Driver/stm32h7rsxx_hal_dma.o
 .ARM.attributes
                0x000002cb       0x32 ./Drivers/STM32H7RSxx_HAL_Driver/stm32h7rsxx_hal_exti.o
 .ARM.attributes
                0x000002fd       0x32 ./Drivers/STM32H7RSxx_HAL_Driver/stm32h7rsxx_hal_gpio.o
 .ARM.attributes
                0x0000032f       0x32 ./Drivers/STM32H7RSxx_HAL_Driver/stm32h7rsxx_hal_pwr_ex.o
 .ARM.attributes
                0x00000361       0x32 ./Drivers/STM32H7RSxx_HAL_Driver/stm32h7rsxx_hal_rcc.o
 .ARM.attributes
                0x00000393       0x32 ./Drivers/STM32H7RSxx_HAL_Driver/stm32h7rsxx_hal_rcc_ex.o
 .ARM.attributes
                0x000003c5       0x32 ./Drivers/STM32H7RSxx_HAL_Driver/stm32h7rsxx_hal_uart.o
 .ARM.attributes
                0x000003f7       0x32 ./Drivers/STM32H7RSxx_HAL_Driver/stm32h7rsxx_hal_xspi.o
 .ARM.attributes
                0x00000429       0x32 ./Middlewares/ST/STM32_ExtMem_Manager/stm32_boot_xip.o
 .ARM.attributes
                0x0000045b       0x32 ./Middlewares/ST/STM32_ExtMem_Manager/stm32_extmem.o
 .ARM.attributes
                0x0000048d       0x32 ./Middlewares/ST/STM32_ExtMem_Manager/stm32_sal_xspi.o
 .ARM.attributes
                0x000004bf       0x32 ./Middlewares/ST/STM32_ExtMem_Manager/stm32_sfdp_data.o
 .ARM.attributes
                0x000004f1       0x32 ./Middlewares/ST/STM32_ExtMem_Manager/stm32_sfdp_driver.o
 .ARM.attributes
                0x00000523       0x32 C:/Moje_pliki/Programy/STM/STM32CubeIDE/plugins/com.st.stm32cube.ide.mcu.externaltools.gnu-tools-for-stm32.12.3.rel1.win32_1.0.200.202406191623/tools/bin/../lib/gcc/arm-none-eabi/12.3.1/../../../../arm-none-eabi/lib/thumb/v7e-m+dp/hard\libc_nano.a(libc_a-memset.o)
 .ARM.attributes
                0x00000555       0x32 C:/Moje_pliki/Programy/STM/STM32CubeIDE/plugins/com.st.stm32cube.ide.mcu.externaltools.gnu-tools-for-stm32.12.3.rel1.win32_1.0.200.202406191623/tools/bin/../lib/gcc/arm-none-eabi/12.3.1/../../../../arm-none-eabi/lib/thumb/v7e-m+dp/hard\libc_nano.a(libc_a-init.o)
 .ARM.attributes
                0x00000587       0x32 C:/Moje_pliki/Programy/STM/STM32CubeIDE/plugins/com.st.stm32cube.ide.mcu.externaltools.gnu-tools-for-stm32.12.3.rel1.win32_1.0.200.202406191623/tools/bin/../lib/gcc/arm-none-eabi/12.3.1/../../../../arm-none-eabi/lib/thumb/v7e-m+dp/hard\libc_nano.a(libc_a-memcpy-stub.o)
 .ARM.attributes
                0x000005b9       0x20 C:/Moje_pliki/Programy/STM/STM32CubeIDE/plugins/com.st.stm32cube.ide.mcu.externaltools.gnu-tools-for-stm32.12.3.rel1.win32_1.0.200.202406191623/tools/bin/../lib/gcc/arm-none-eabi/12.3.1/thumb/v7e-m+dp/hard\libgcc.a(_aeabi_uldivmod.o)
 .ARM.attributes
                0x000005d9       0x32 C:/Moje_pliki/Programy/STM/STM32CubeIDE/plugins/com.st.stm32cube.ide.mcu.externaltools.gnu-tools-for-stm32.12.3.rel1.win32_1.0.200.202406191623/tools/bin/../lib/gcc/arm-none-eabi/12.3.1/thumb/v7e-m+dp/hard\libgcc.a(_udivmoddi4.o)
 .ARM.attributes
                0x0000060b       0x20 C:/Moje_pliki/Programy/STM/STM32CubeIDE/plugins/com.st.stm32cube.ide.mcu.externaltools.gnu-tools-for-stm32.12.3.rel1.win32_1.0.200.202406191623/tools/bin/../lib/gcc/arm-none-eabi/12.3.1/thumb/v7e-m+dp/hard\libgcc.a(_dvmd_tls.o)
 .ARM.attributes
                0x0000062b       0x20 C:/Moje_pliki/Programy/STM/STM32CubeIDE/plugins/com.st.stm32cube.ide.mcu.externaltools.gnu-tools-for-stm32.12.3.rel1.win32_1.0.200.202406191623/tools/bin/../lib/gcc/arm-none-eabi/12.3.1/thumb/v7e-m+dp/hard/crtn.o
OUTPUT(LEDmatrixRGB_Boot.elf elf32-littlearm)
LOAD linker stubs
LOAD C:/Moje_pliki/Programy/STM/STM32CubeIDE/plugins/com.st.stm32cube.ide.mcu.externaltools.gnu-tools-for-stm32.12.3.rel1.win32_1.0.200.202406191623/tools/bin/../lib/gcc/arm-none-eabi/12.3.1/../../../../arm-none-eabi/lib/thumb/v7e-m+dp/hard\libc.a
LOAD C:/Moje_pliki/Programy/STM/STM32CubeIDE/plugins/com.st.stm32cube.ide.mcu.externaltools.gnu-tools-for-stm32.12.3.rel1.win32_1.0.200.202406191623/tools/bin/../lib/gcc/arm-none-eabi/12.3.1/../../../../arm-none-eabi/lib/thumb/v7e-m+dp/hard\libm.a
LOAD C:/Moje_pliki/Programy/STM/STM32CubeIDE/plugins/com.st.stm32cube.ide.mcu.externaltools.gnu-tools-for-stm32.12.3.rel1.win32_1.0.200.202406191623/tools/bin/../lib/gcc/arm-none-eabi/12.3.1/thumb/v7e-m+dp/hard\libgcc.a

.debug_info     0x00000000    0x1be42
 .debug_info    0x00000000      0xf97 ./Core/Src/extmem_manager.o
 .debug_info    0x00000f97      0x4cb ./Core/Src/gpio.o
 .debug_info    0x00001462      0xb96 ./Core/Src/main.o
 .debug_info    0x00001ff8       0x9f ./Core/Src/sbs.o
 .debug_info    0x00002097      0x6db ./Core/Src/stm32h7rsxx_hal_msp.o
 .debug_info    0x00002772      0x170 ./Core/Src/stm32h7rsxx_it.o
 .debug_info    0x000028e2      0x9bd ./Core/Src/system_stm32h7rsxx.o
 .debug_info    0x0000329f     0x12f1 ./Core/Src/xspi.o
 .debug_info    0x00004590       0x30 ./Core/Startup/startup_stm32h7s3l8hx.o
 .debug_info    0x000045c0     0x1c8a ./Drivers/BSP/STM32H7xx_Nucleo/stm32h7rsxx_nucleo.o
 .debug_info    0x0000624a     0x18a1 ./Drivers/STM32H7RSxx_HAL_Driver/stm32h7rsxx_hal.o
 .debug_info    0x00007aeb     0x1103 ./Drivers/STM32H7RSxx_HAL_Driver/stm32h7rsxx_hal_cortex.o
 .debug_info    0x00008bee      0xafb ./Drivers/STM32H7RSxx_HAL_Driver/stm32h7rsxx_hal_dma.o
 .debug_info    0x000096e9      0x79e ./Drivers/STM32H7RSxx_HAL_Driver/stm32h7rsxx_hal_exti.o
 .debug_info    0x00009e87      0x702 ./Drivers/STM32H7RSxx_HAL_Driver/stm32h7rsxx_hal_gpio.o
 .debug_info    0x0000a589      0xb87 ./Drivers/STM32H7RSxx_HAL_Driver/stm32h7rsxx_hal_pwr_ex.o
 .debug_info    0x0000b110     0x1464 ./Drivers/STM32H7RSxx_HAL_Driver/stm32h7rsxx_hal_rcc.o
 .debug_info    0x0000c574      0xd71 ./Drivers/STM32H7RSxx_HAL_Driver/stm32h7rsxx_hal_rcc_ex.o
 .debug_info    0x0000d2e5     0x4a25 ./Drivers/STM32H7RSxx_HAL_Driver/stm32h7rsxx_hal_uart.o
 .debug_info    0x00011d0a     0x1bec ./Drivers/STM32H7RSxx_HAL_Driver/stm32h7rsxx_hal_xspi.o
 .debug_info    0x000138f6      0x78b ./Middlewares/ST/STM32_ExtMem_Manager/stm32_boot_xip.o
 .debug_info    0x00014081     0x14d7 ./Middlewares/ST/STM32_ExtMem_Manager/stm32_extmem.o
 .debug_info    0x00015558     0x160d ./Middlewares/ST/STM32_ExtMem_Manager/stm32_sal_xspi.o
 .debug_info    0x00016b65     0x3b52 ./Middlewares/ST/STM32_ExtMem_Manager/stm32_sfdp_data.o
 .debug_info    0x0001a6b7     0x178b ./Middlewares/ST/STM32_ExtMem_Manager/stm32_sfdp_driver.o

.debug_abbrev   0x00000000     0x34c6
 .debug_abbrev  0x00000000      0x1df ./Core/Src/extmem_manager.o
 .debug_abbrev  0x000001df       0xef ./Core/Src/gpio.o
 .debug_abbrev  0x000002ce      0x2dd ./Core/Src/main.o
 .debug_abbrev  0x000005ab       0x45 ./Core/Src/sbs.o
 .debug_abbrev  0x000005f0      0x193 ./Core/Src/stm32h7rsxx_hal_msp.o
 .debug_abbrev  0x00000783       0xbc ./Core/Src/stm32h7rsxx_it.o
 .debug_abbrev  0x0000083f      0x12e ./Core/Src/system_stm32h7rsxx.o
 .debug_abbrev  0x0000096d      0x22c ./Core/Src/xspi.o
 .debug_abbrev  0x00000b99       0x24 ./Core/Startup/startup_stm32h7s3l8hx.o
 .debug_abbrev  0x00000bbd      0x33d ./Drivers/BSP/STM32H7xx_Nucleo/stm32h7rsxx_nucleo.o
 .debug_abbrev  0x00000efa      0x34a ./Drivers/STM32H7RSxx_HAL_Driver/stm32h7rsxx_hal.o
 .debug_abbrev  0x00001244      0x31f ./Drivers/STM32H7RSxx_HAL_Driver/stm32h7rsxx_hal_cortex.o
 .debug_abbrev  0x00001563      0x1dd ./Drivers/STM32H7RSxx_HAL_Driver/stm32h7rsxx_hal_dma.o
 .debug_abbrev  0x00001740      0x1cf ./Drivers/STM32H7RSxx_HAL_Driver/stm32h7rsxx_hal_exti.o
 .debug_abbrev  0x0000190f      0x1ec ./Drivers/STM32H7RSxx_HAL_Driver/stm32h7rsxx_hal_gpio.o
 .debug_abbrev  0x00001afb      0x250 ./Drivers/STM32H7RSxx_HAL_Driver/stm32h7rsxx_hal_pwr_ex.o
 .debug_abbrev  0x00001d4b      0x2df ./Drivers/STM32H7RSxx_HAL_Driver/stm32h7rsxx_hal_rcc.o
 .debug_abbrev  0x0000202a      0x24f ./Drivers/STM32H7RSxx_HAL_Driver/stm32h7rsxx_hal_rcc_ex.o
 .debug_abbrev  0x00002279      0x338 ./Drivers/STM32H7RSxx_HAL_Driver/stm32h7rsxx_hal_uart.o
 .debug_abbrev  0x000025b1      0x2af ./Drivers/STM32H7RSxx_HAL_Driver/stm32h7rsxx_hal_xspi.o
 .debug_abbrev  0x00002860      0x231 ./Middlewares/ST/STM32_ExtMem_Manager/stm32_boot_xip.o
 .debug_abbrev  0x00002a91      0x28a ./Middlewares/ST/STM32_ExtMem_Manager/stm32_extmem.o
 .debug_abbrev  0x00002d1b      0x269 ./Middlewares/ST/STM32_ExtMem_Manager/stm32_sal_xspi.o
 .debug_abbrev  0x00002f84      0x2bd ./Middlewares/ST/STM32_ExtMem_Manager/stm32_sfdp_data.o
 .debug_abbrev  0x00003241      0x285 ./Middlewares/ST/STM32_ExtMem_Manager/stm32_sfdp_driver.o

.debug_aranges  0x00000000     0x1120
 .debug_aranges
                0x00000000       0x20 ./Core/Src/extmem_manager.o
 .debug_aranges
                0x00000020       0x20 ./Core/Src/gpio.o
 .debug_aranges
                0x00000040       0x38 ./Core/Src/main.o
 .debug_aranges
                0x00000078       0x20 ./Core/Src/sbs.o
 .debug_aranges
                0x00000098       0x20 ./Core/Src/stm32h7rsxx_hal_msp.o
 .debug_aranges
                0x000000b8       0x68 ./Core/Src/stm32h7rsxx_it.o
 .debug_aranges
                0x00000120       0x28 ./Core/Src/system_stm32h7rsxx.o
 .debug_aranges
                0x00000148       0x30 ./Core/Src/xspi.o
 .debug_aranges
                0x00000178       0x28 ./Core/Startup/startup_stm32h7s3l8hx.o
 .debug_aranges
                0x000001a0       0xc8 ./Drivers/BSP/STM32H7xx_Nucleo/stm32h7rsxx_nucleo.o
 .debug_aranges
                0x00000268      0x240 ./Drivers/STM32H7RSxx_HAL_Driver/stm32h7rsxx_hal.o
 .debug_aranges
                0x000004a8      0x130 ./Drivers/STM32H7RSxx_HAL_Driver/stm32h7rsxx_hal_cortex.o
 .debug_aranges
                0x000005d8       0xa8 ./Drivers/STM32H7RSxx_HAL_Driver/stm32h7rsxx_hal_dma.o
 .debug_aranges
                0x00000680       0x60 ./Drivers/STM32H7RSxx_HAL_Driver/stm32h7rsxx_hal_exti.o
 .debug_aranges
                0x000006e0       0x60 ./Drivers/STM32H7RSxx_HAL_Driver/stm32h7rsxx_hal_gpio.o
 .debug_aranges
                0x00000740      0x1c8 ./Drivers/STM32H7RSxx_HAL_Driver/stm32h7rsxx_hal_pwr_ex.o
 .debug_aranges
                0x00000908      0x130 ./Drivers/STM32H7RSxx_HAL_Driver/stm32h7rsxx_hal_rcc.o
 .debug_aranges
                0x00000a38       0xc8 ./Drivers/STM32H7RSxx_HAL_Driver/stm32h7rsxx_hal_rcc_ex.o
 .debug_aranges
                0x00000b00      0x248 ./Drivers/STM32H7RSxx_HAL_Driver/stm32h7rsxx_hal_uart.o
 .debug_aranges
                0x00000d48      0x198 ./Drivers/STM32H7RSxx_HAL_Driver/stm32h7rsxx_hal_xspi.o
 .debug_aranges
                0x00000ee0       0x30 ./Middlewares/ST/STM32_ExtMem_Manager/stm32_boot_xip.o
 .debug_aranges
                0x00000f10       0x68 ./Middlewares/ST/STM32_ExtMem_Manager/stm32_extmem.o
 .debug_aranges
                0x00000f78       0xb0 ./Middlewares/ST/STM32_ExtMem_Manager/stm32_sal_xspi.o
 .debug_aranges
                0x00001028       0x80 ./Middlewares/ST/STM32_ExtMem_Manager/stm32_sfdp_data.o
 .debug_aranges
                0x000010a8       0x78 ./Middlewares/ST/STM32_ExtMem_Manager/stm32_sfdp_driver.o

.debug_rnglists
                0x00000000      0xd0d
 .debug_rnglists
                0x00000000       0x13 ./Core/Src/extmem_manager.o
 .debug_rnglists
                0x00000013       0x13 ./Core/Src/gpio.o
 .debug_rnglists
                0x00000026       0x28 ./Core/Src/main.o
 .debug_rnglists
                0x0000004e       0x13 ./Core/Src/sbs.o
 .debug_rnglists
                0x00000061       0x14 ./Core/Src/stm32h7rsxx_hal_msp.o
 .debug_rnglists
                0x00000075       0x49 ./Core/Src/stm32h7rsxx_it.o
 .debug_rnglists
                0x000000be       0x1a ./Core/Src/system_stm32h7rsxx.o
 .debug_rnglists
                0x000000d8       0x21 ./Core/Src/xspi.o
 .debug_rnglists
                0x000000f9       0x19 ./Core/Startup/startup_stm32h7s3l8hx.o
 .debug_rnglists
                0x00000112       0x95 ./Drivers/BSP/STM32H7xx_Nucleo/stm32h7rsxx_nucleo.o
 .debug_rnglists
                0x000001a7      0x1ae ./Drivers/STM32H7RSxx_HAL_Driver/stm32h7rsxx_hal.o
 .debug_rnglists
                0x00000355       0xe0 ./Drivers/STM32H7RSxx_HAL_Driver/stm32h7rsxx_hal_cortex.o
 .debug_rnglists
                0x00000435       0x84 ./Drivers/STM32H7RSxx_HAL_Driver/stm32h7rsxx_hal_dma.o
 .debug_rnglists
                0x000004b9       0x46 ./Drivers/STM32H7RSxx_HAL_Driver/stm32h7rsxx_hal_exti.o
 .debug_rnglists
                0x000004ff       0x45 ./Drivers/STM32H7RSxx_HAL_Driver/stm32h7rsxx_hal_gpio.o
 .debug_rnglists
                0x00000544      0x154 ./Drivers/STM32H7RSxx_HAL_Driver/stm32h7rsxx_hal_pwr_ex.o
 .debug_rnglists
                0x00000698       0xea ./Drivers/STM32H7RSxx_HAL_Driver/stm32h7rsxx_hal_rcc.o
 .debug_rnglists
                0x00000782       0x98 ./Drivers/STM32H7RSxx_HAL_Driver/stm32h7rsxx_hal_rcc_ex.o
 .debug_rnglists
                0x0000081a      0x1fa ./Drivers/STM32H7RSxx_HAL_Driver/stm32h7rsxx_hal_uart.o
 .debug_rnglists
                0x00000a14      0x143 ./Drivers/STM32H7RSxx_HAL_Driver/stm32h7rsxx_hal_xspi.o
 .debug_rnglists
                0x00000b57       0x20 ./Middlewares/ST/STM32_ExtMem_Manager/stm32_boot_xip.o
 .debug_rnglists
                0x00000b77       0x4e ./Middlewares/ST/STM32_ExtMem_Manager/stm32_extmem.o
 .debug_rnglists
                0x00000bc5       0x8a ./Middlewares/ST/STM32_ExtMem_Manager/stm32_sal_xspi.o
 .debug_rnglists
                0x00000c4f       0x63 ./Middlewares/ST/STM32_ExtMem_Manager/stm32_sfdp_data.o
 .debug_rnglists
                0x00000cb2       0x5b ./Middlewares/ST/STM32_ExtMem_Manager/stm32_sfdp_driver.o

.debug_macro    0x00000000    0x32cb2
 .debug_macro   0x00000000      0x2ff ./Core/Src/extmem_manager.o
 .debug_macro   0x000002ff      0xad2 ./Core/Src/extmem_manager.o
 .debug_macro   0x00000dd1       0x2e ./Core/Src/extmem_manager.o
 .debug_macro   0x00000dff      0x1a7 ./Core/Src/extmem_manager.o
 .debug_macro   0x00000fa6       0x2e ./Core/Src/extmem_manager.o
 .debug_macro   0x00000fd4       0x42 ./Core/Src/extmem_manager.o
 .debug_macro   0x00001016       0x22 ./Core/Src/extmem_manager.o
 .debug_macro   0x00001038       0x8e ./Core/Src/extmem_manager.o
 .debug_macro   0x000010c6       0x51 ./Core/Src/extmem_manager.o
 .debug_macro   0x00001117      0x103 ./Core/Src/extmem_manager.o
 .debug_macro   0x0000121a       0x6a ./Core/Src/extmem_manager.o
 .debug_macro   0x00001284      0x1df ./Core/Src/extmem_manager.o
 .debug_macro   0x00001463       0x1c ./Core/Src/extmem_manager.o
 .debug_macro   0x0000147f       0x22 ./Core/Src/extmem_manager.o
 .debug_macro   0x000014a1       0xfb ./Core/Src/extmem_manager.o
 .debug_macro   0x0000159c     0x1313 ./Core/Src/extmem_manager.o
 .debug_macro   0x000028af      0x11f ./Core/Src/extmem_manager.o
 .debug_macro   0x000029ce       0x22 ./Core/Src/extmem_manager.o
 .debug_macro   0x000029f0    0x2146c ./Core/Src/extmem_manager.o
 .debug_macro   0x00023e5c       0x6d ./Core/Src/extmem_manager.o
 .debug_macro   0x00023ec9     0x346a ./Core/Src/extmem_manager.o
 .debug_macro   0x00027333       0x61 ./Core/Src/extmem_manager.o
 .debug_macro   0x00027394       0x29 ./Core/Src/extmem_manager.o
 .debug_macro   0x000273bd       0x43 ./Core/Src/extmem_manager.o
 .debug_macro   0x00027400       0x34 ./Core/Src/extmem_manager.o
 .debug_macro   0x00027434      0x189 ./Core/Src/extmem_manager.o
 .debug_macro   0x000275bd       0x16 ./Core/Src/extmem_manager.o
 .debug_macro   0x000275d3       0x43 ./Core/Src/extmem_manager.o
 .debug_macro   0x00027616       0x34 ./Core/Src/extmem_manager.o
 .debug_macro   0x0002764a       0x10 ./Core/Src/extmem_manager.o
 .debug_macro   0x0002765a       0x58 ./Core/Src/extmem_manager.o
 .debug_macro   0x000276b2       0x8e ./Core/Src/extmem_manager.o
 .debug_macro   0x00027740       0x1c ./Core/Src/extmem_manager.o
 .debug_macro   0x0002775c      0x177 ./Core/Src/extmem_manager.o
 .debug_macro   0x000278d3      0x369 ./Core/Src/extmem_manager.o
 .debug_macro   0x00027c3c      0x19b ./Core/Src/extmem_manager.o
 .debug_macro   0x00027dd7       0x64 ./Core/Src/extmem_manager.o
 .debug_macro   0x00027e3b      0xab5 ./Core/Src/extmem_manager.o
 .debug_macro   0x000288f0     0x1f68 ./Core/Src/extmem_manager.o
 .debug_macro   0x0002a858      0x93a ./Core/Src/extmem_manager.o
 .debug_macro   0x0002b192      0x170 ./Core/Src/extmem_manager.o
 .debug_macro   0x0002b302      0x1ba ./Core/Src/extmem_manager.o
 .debug_macro   0x0002b4bc      0x2e8 ./Core/Src/extmem_manager.o
 .debug_macro   0x0002b7a4      0x590 ./Core/Src/extmem_manager.o
 .debug_macro   0x0002bd34      0x52e ./Core/Src/extmem_manager.o
 .debug_macro   0x0002c262       0xba ./Core/Src/extmem_manager.o
 .debug_macro   0x0002c31c      0x27c ./Core/Src/extmem_manager.o
 .debug_macro   0x0002c598      0x2c0 ./Core/Src/extmem_manager.o
 .debug_macro   0x0002c858      0x3fb ./Core/Src/extmem_manager.o
 .debug_macro   0x0002cc53       0xb0 ./Core/Src/extmem_manager.o
 .debug_macro   0x0002cd03      0x11c ./Core/Src/extmem_manager.o
 .debug_macro   0x0002ce1f      0x210 ./Core/Src/extmem_manager.o
 .debug_macro   0x0002d02f      0x2a0 ./Core/Src/extmem_manager.o
 .debug_macro   0x0002d2cf       0x3c ./Core/Src/extmem_manager.o
 .debug_macro   0x0002d30b      0x693 ./Core/Src/extmem_manager.o
 .debug_macro   0x0002d99e       0xa6 ./Core/Src/extmem_manager.o
 .debug_macro   0x0002da44      0x6e0 ./Core/Src/extmem_manager.o
 .debug_macro   0x0002e124      0x587 ./Core/Src/extmem_manager.o
 .debug_macro   0x0002e6ab       0x10 ./Core/Src/extmem_manager.o
 .debug_macro   0x0002e6bb       0x22 ./Core/Src/extmem_manager.o
 .debug_macro   0x0002e6dd       0x16 ./Core/Src/extmem_manager.o
 .debug_macro   0x0002e6f3       0x35 ./Core/Src/extmem_manager.o
 .debug_macro   0x0002e728       0x20 ./Core/Src/extmem_manager.o
 .debug_macro   0x0002e748      0x2ee ./Core/Src/gpio.o
 .debug_macro   0x0002ea36       0x22 ./Core/Src/gpio.o
 .debug_macro   0x0002ea58       0xa0 ./Core/Src/gpio.o
 .debug_macro   0x0002eaf8       0x1c ./Core/Src/gpio.o
 .debug_macro   0x0002eb14       0x10 ./Core/Src/gpio.o
 .debug_macro   0x0002eb24       0x1c ./Core/Src/gpio.o
 .debug_macro   0x0002eb40       0x16 ./Core/Src/gpio.o
 .debug_macro   0x0002eb56      0x146 ./Core/Src/gpio.o
 .debug_macro   0x0002ec9c       0xf8 ./Core/Src/gpio.o
 .debug_macro   0x0002ed94       0xa0 ./Core/Src/gpio.o
 .debug_macro   0x0002ee34      0x35f ./Core/Src/main.o
 .debug_macro   0x0002f193      0x2ee ./Core/Src/sbs.o
 .debug_macro   0x0002f481      0x2e4 ./Core/Src/stm32h7rsxx_hal_msp.o
 .debug_macro   0x0002f765      0x2ee ./Core/Src/stm32h7rsxx_it.o
 .debug_macro   0x0002fa53      0x286 ./Core/Src/system_stm32h7rsxx.o
 .debug_macro   0x0002fcd9      0x2ee ./Core/Src/xspi.o
 .debug_macro   0x0002ffc7      0x2e7 ./Drivers/BSP/STM32H7xx_Nucleo/stm32h7rsxx_nucleo.o
 .debug_macro   0x000302ae       0x1c ./Drivers/BSP/STM32H7xx_Nucleo/stm32h7rsxx_nucleo.o
 .debug_macro   0x000302ca      0x2c2 ./Drivers/STM32H7RSxx_HAL_Driver/stm32h7rsxx_hal.o
 .debug_macro   0x0003058c      0x280 ./Drivers/STM32H7RSxx_HAL_Driver/stm32h7rsxx_hal_cortex.o
 .debug_macro   0x0003080c      0x281 ./Drivers/STM32H7RSxx_HAL_Driver/stm32h7rsxx_hal_dma.o
 .debug_macro   0x00030a8d      0x28c ./Drivers/STM32H7RSxx_HAL_Driver/stm32h7rsxx_hal_exti.o
 .debug_macro   0x00030d19      0x287 ./Drivers/STM32H7RSxx_HAL_Driver/stm32h7rsxx_hal_gpio.o
 .debug_macro   0x00030fa0      0x2b9 ./Drivers/STM32H7RSxx_HAL_Driver/stm32h7rsxx_hal_pwr_ex.o
 .debug_macro   0x00031259      0x2e6 ./Drivers/STM32H7RSxx_HAL_Driver/stm32h7rsxx_hal_rcc.o
 .debug_macro   0x0003153f      0x280 ./Drivers/STM32H7RSxx_HAL_Driver/stm32h7rsxx_hal_rcc_ex.o
 .debug_macro   0x000317bf      0x2ab ./Drivers/STM32H7RSxx_HAL_Driver/stm32h7rsxx_hal_uart.o
 .debug_macro   0x00031a6a      0x2c7 ./Drivers/STM32H7RSxx_HAL_Driver/stm32h7rsxx_hal_xspi.o
 .debug_macro   0x00031d31      0x2d5 ./Middlewares/ST/STM32_ExtMem_Manager/stm32_boot_xip.o
 .debug_macro   0x00032006      0x2f2 ./Middlewares/ST/STM32_ExtMem_Manager/stm32_extmem.o
 .debug_macro   0x000322f8      0x304 ./Middlewares/ST/STM32_ExtMem_Manager/stm32_sal_xspi.o
 .debug_macro   0x000325fc      0x36f ./Middlewares/ST/STM32_ExtMem_Manager/stm32_sfdp_data.o
 .debug_macro   0x0003296b      0x347 ./Middlewares/ST/STM32_ExtMem_Manager/stm32_sfdp_driver.o

.debug_line     0x00000000    0x19e97
 .debug_line    0x00000000      0xa5c ./Core/Src/extmem_manager.o
 .debug_line    0x00000a5c      0x96a ./Core/Src/gpio.o
 .debug_line    0x000013c6      0xce5 ./Core/Src/main.o
 .debug_line    0x000020ab      0x965 ./Core/Src/sbs.o
 .debug_line    0x00002a10      0x9a4 ./Core/Src/stm32h7rsxx_hal_msp.o
 .debug_line    0x000033b4      0xa4d ./Core/Src/stm32h7rsxx_it.o
 .debug_line    0x00003e01      0x9dc ./Core/Src/system_stm32h7rsxx.o
 .debug_line    0x000047dd      0xa11 ./Core/Src/xspi.o
 .debug_line    0x000051ee       0x7b ./Core/Startup/startup_stm32h7s3l8hx.o
 .debug_line    0x00005269      0xcf6 ./Drivers/BSP/STM32H7xx_Nucleo/stm32h7rsxx_nucleo.o
 .debug_line    0x00005f5f     0x1142 ./Drivers/STM32H7RSxx_HAL_Driver/stm32h7rsxx_hal.o
 .debug_line    0x000070a1      0xefb ./Drivers/STM32H7RSxx_HAL_Driver/stm32h7rsxx_hal_cortex.o
 .debug_line    0x00007f9c     0x1397 ./Drivers/STM32H7RSxx_HAL_Driver/stm32h7rsxx_hal_dma.o
 .debug_line    0x00009333      0xc7a ./Drivers/STM32H7RSxx_HAL_Driver/stm32h7rsxx_hal_exti.o
 .debug_line    0x00009fad      0xca1 ./Drivers/STM32H7RSxx_HAL_Driver/stm32h7rsxx_hal_gpio.o
 .debug_line    0x0000ac4e     0x10a3 ./Drivers/STM32H7RSxx_HAL_Driver/stm32h7rsxx_hal_pwr_ex.o
 .debug_line    0x0000bcf1     0x1855 ./Drivers/STM32H7RSxx_HAL_Driver/stm32h7rsxx_hal_rcc.o
 .debug_line    0x0000d546     0x1d16 ./Drivers/STM32H7RSxx_HAL_Driver/stm32h7rsxx_hal_rcc_ex.o
 .debug_line    0x0000f25c     0x3e57 ./Drivers/STM32H7RSxx_HAL_Driver/stm32h7rsxx_hal_uart.o
 .debug_line    0x000130b3     0x1b53 ./Drivers/STM32H7RSxx_HAL_Driver/stm32h7rsxx_hal_xspi.o
 .debug_line    0x00014c06      0xbee ./Middlewares/ST/STM32_ExtMem_Manager/stm32_boot_xip.o
 .debug_line    0x000157f4      0xdea ./Middlewares/ST/STM32_ExtMem_Manager/stm32_extmem.o
 .debug_line    0x000165de      0xfcf ./Middlewares/ST/STM32_ExtMem_Manager/stm32_sal_xspi.o
 .debug_line    0x000175ad     0x18cc ./Middlewares/ST/STM32_ExtMem_Manager/stm32_sfdp_data.o
 .debug_line    0x00018e79     0x101e ./Middlewares/ST/STM32_ExtMem_Manager/stm32_sfdp_driver.o

.debug_str      0x00000000   0x13bd35
 .debug_str     0x00000000   0x1318c9 ./Core/Src/extmem_manager.o
                             0x131da2 (size before relaxing)
 .debug_str     0x001318c9     0x135d ./Core/Src/gpio.o
                             0x132073 (size before relaxing)
 .debug_str     0x00132c26      0x77d ./Core/Src/main.o
                             0x1328b4 (size before relaxing)
 .debug_str     0x001333a3       0x12 ./Core/Src/sbs.o
                             0x131dcb (size before relaxing)
 .debug_str     0x001333b5       0xdf ./Core/Src/stm32h7rsxx_hal_msp.o
                             0x13226b (size before relaxing)
 .debug_str     0x00133494       0xf1 ./Core/Src/stm32h7rsxx_it.o
                             0x131eb6 (size before relaxing)
 .debug_str     0x00133585       0xcf ./Core/Src/system_stm32h7rsxx.o
                             0x13111a (size before relaxing)
 .debug_str     0x00133654      0x410 ./Core/Src/xspi.o
                             0x132abd (size before relaxing)
 .debug_str     0x00133a64       0x44 ./Core/Startup/startup_stm32h7s3l8hx.o
                                 0x7c (size before relaxing)
 .debug_str     0x00133aa8      0xe0b ./Drivers/BSP/STM32H7xx_Nucleo/stm32h7rsxx_nucleo.o
                             0x1333b7 (size before relaxing)
 .debug_str     0x001348b3      0xc2d ./Drivers/STM32H7RSxx_HAL_Driver/stm32h7rsxx_hal.o
                             0x1325d7 (size before relaxing)
 .debug_str     0x001354e0      0x2d5 ./Drivers/STM32H7RSxx_HAL_Driver/stm32h7rsxx_hal_cortex.o
                             0x131bd9 (size before relaxing)
 .debug_str     0x001357b5      0x396 ./Drivers/STM32H7RSxx_HAL_Driver/stm32h7rsxx_hal_dma.o
                             0x131460 (size before relaxing)
 .debug_str     0x00135b4b      0x1de ./Drivers/STM32H7RSxx_HAL_Driver/stm32h7rsxx_hal_exti.o
                             0x13101d (size before relaxing)
 .debug_str     0x00135d29      0x115 ./Drivers/STM32H7RSxx_HAL_Driver/stm32h7rsxx_hal_gpio.o
                             0x130ff8 (size before relaxing)
 .debug_str     0x00135e3e      0x7e3 ./Drivers/STM32H7RSxx_HAL_Driver/stm32h7rsxx_hal_pwr_ex.o
                             0x1316b6 (size before relaxing)
 .debug_str     0x00136621      0x82f ./Drivers/STM32H7RSxx_HAL_Driver/stm32h7rsxx_hal_rcc.o
                             0x131aae (size before relaxing)
 .debug_str     0x00136e50      0x38d ./Drivers/STM32H7RSxx_HAL_Driver/stm32h7rsxx_hal_rcc_ex.o
                             0x13185e (size before relaxing)
 .debug_str     0x001371dd      0xa74 ./Drivers/STM32H7RSxx_HAL_Driver/stm32h7rsxx_hal_uart.o
                             0x13215b (size before relaxing)
 .debug_str     0x00137c51      0x87d ./Drivers/STM32H7RSxx_HAL_Driver/stm32h7rsxx_hal_xspi.o
                             0x131e07 (size before relaxing)
 .debug_str     0x001384ce      0x1b9 ./Middlewares/ST/STM32_ExtMem_Manager/stm32_boot_xip.o
                             0x131424 (size before relaxing)
 .debug_str     0x00138687      0x684 ./Middlewares/ST/STM32_ExtMem_Manager/stm32_extmem.o
                             0x13238a (size before relaxing)
 .debug_str     0x00138d0b      0x425 ./Middlewares/ST/STM32_ExtMem_Manager/stm32_sal_xspi.o
                             0x131dbe (size before relaxing)
 .debug_str     0x00139130     0x2a22 ./Middlewares/ST/STM32_ExtMem_Manager/stm32_sfdp_data.o
                             0x134bd7 (size before relaxing)
 .debug_str     0x0013bb52      0x1e3 ./Middlewares/ST/STM32_ExtMem_Manager/stm32_sfdp_driver.o
                             0x1326fb (size before relaxing)

.comment        0x00000000       0x43
 .comment       0x00000000       0x43 ./Core/Src/extmem_manager.o
                                 0x44 (size before relaxing)
 .comment       0x00000043       0x44 ./Core/Src/gpio.o
 .comment       0x00000043       0x44 ./Core/Src/main.o
 .comment       0x00000043       0x44 ./Core/Src/sbs.o
 .comment       0x00000043       0x44 ./Core/Src/stm32h7rsxx_hal_msp.o
 .comment       0x00000043       0x44 ./Core/Src/stm32h7rsxx_it.o
 .comment       0x00000043       0x44 ./Core/Src/system_stm32h7rsxx.o
 .comment       0x00000043       0x44 ./Core/Src/xspi.o
 .comment       0x00000043       0x44 ./Drivers/BSP/STM32H7xx_Nucleo/stm32h7rsxx_nucleo.o
 .comment       0x00000043       0x44 ./Drivers/STM32H7RSxx_HAL_Driver/stm32h7rsxx_hal.o
 .comment       0x00000043       0x44 ./Drivers/STM32H7RSxx_HAL_Driver/stm32h7rsxx_hal_cortex.o
 .comment       0x00000043       0x44 ./Drivers/STM32H7RSxx_HAL_Driver/stm32h7rsxx_hal_dma.o
 .comment       0x00000043       0x44 ./Drivers/STM32H7RSxx_HAL_Driver/stm32h7rsxx_hal_exti.o
 .comment       0x00000043       0x44 ./Drivers/STM32H7RSxx_HAL_Driver/stm32h7rsxx_hal_gpio.o
 .comment       0x00000043       0x44 ./Drivers/STM32H7RSxx_HAL_Driver/stm32h7rsxx_hal_pwr_ex.o
 .comment       0x00000043       0x44 ./Drivers/STM32H7RSxx_HAL_Driver/stm32h7rsxx_hal_rcc.o
 .comment       0x00000043       0x44 ./Drivers/STM32H7RSxx_HAL_Driver/stm32h7rsxx_hal_rcc_ex.o
 .comment       0x00000043       0x44 ./Drivers/STM32H7RSxx_HAL_Driver/stm32h7rsxx_hal_uart.o
 .comment       0x00000043       0x44 ./Drivers/STM32H7RSxx_HAL_Driver/stm32h7rsxx_hal_xspi.o
 .comment       0x00000043       0x44 ./Middlewares/ST/STM32_ExtMem_Manager/stm32_boot_xip.o
 .comment       0x00000043       0x44 ./Middlewares/ST/STM32_ExtMem_Manager/stm32_extmem.o
 .comment       0x00000043       0x44 ./Middlewares/ST/STM32_ExtMem_Manager/stm32_sal_xspi.o
 .comment       0x00000043       0x44 ./Middlewares/ST/STM32_ExtMem_Manager/stm32_sfdp_data.o
 .comment       0x00000043       0x44 ./Middlewares/ST/STM32_ExtMem_Manager/stm32_sfdp_driver.o

.debug_frame    0x00000000     0x45dc
 .debug_frame   0x00000000       0x2c ./Core/Src/extmem_manager.o
 .debug_frame   0x0000002c       0x38 ./Core/Src/gpio.o
 .debug_frame   0x00000064       0x94 ./Core/Src/main.o
 .debug_frame   0x000000f8       0x30 ./Core/Src/sbs.o
 .debug_frame   0x00000128       0x38 ./Core/Src/stm32h7rsxx_hal_msp.o
 .debug_frame   0x00000160      0x120 ./Core/Src/stm32h7rsxx_it.o
 .debug_frame   0x00000280       0x58 ./Core/Src/system_stm32h7rsxx.o
 .debug_frame   0x000002d8       0x80 ./Core/Src/xspi.o
 .debug_frame   0x00000358      0x31c ./Drivers/BSP/STM32H7xx_Nucleo/stm32h7rsxx_nucleo.o
 .debug_frame   0x00000674      0x9a0 ./Drivers/STM32H7RSxx_HAL_Driver/stm32h7rsxx_hal.o
 .debug_frame   0x00001014      0x508 ./Drivers/STM32H7RSxx_HAL_Driver/stm32h7rsxx_hal_cortex.o
 .debug_frame   0x0000151c      0x2c8 ./Drivers/STM32H7RSxx_HAL_Driver/stm32h7rsxx_hal_dma.o
 .debug_frame   0x000017e4      0x174 ./Drivers/STM32H7RSxx_HAL_Driver/stm32h7rsxx_hal_exti.o
 .debug_frame   0x00001958      0x174 ./Drivers/STM32H7RSxx_HAL_Driver/stm32h7rsxx_hal_gpio.o
 .debug_frame   0x00001acc      0x758 ./Drivers/STM32H7RSxx_HAL_Driver/stm32h7rsxx_hal_pwr_ex.o
 .debug_frame   0x00002224      0x510 ./Drivers/STM32H7RSxx_HAL_Driver/stm32h7rsxx_hal_rcc.o
 .debug_frame   0x00002734      0x32c ./Drivers/STM32H7RSxx_HAL_Driver/stm32h7rsxx_hal_rcc_ex.o
 .debug_frame   0x00002a60      0xa8c ./Drivers/STM32H7RSxx_HAL_Driver/stm32h7rsxx_hal_uart.o
 .debug_frame   0x000034ec      0x770 ./Drivers/STM32H7RSxx_HAL_Driver/stm32h7rsxx_hal_xspi.o
 .debug_frame   0x00003c5c       0x7c ./Middlewares/ST/STM32_ExtMem_Manager/stm32_boot_xip.o
 .debug_frame   0x00003cd8      0x17c ./Middlewares/ST/STM32_ExtMem_Manager/stm32_extmem.o
 .debug_frame   0x00003e54      0x2d0 ./Middlewares/ST/STM32_ExtMem_Manager/stm32_sal_xspi.o
 .debug_frame   0x00004124      0x208 ./Middlewares/ST/STM32_ExtMem_Manager/stm32_sfdp_data.o
 .debug_frame   0x0000432c      0x1dc ./Middlewares/ST/STM32_ExtMem_Manager/stm32_sfdp_driver.o
 .debug_frame   0x00004508       0x20 C:/Moje_pliki/Programy/STM/STM32CubeIDE/plugins/com.st.stm32cube.ide.mcu.externaltools.gnu-tools-for-stm32.12.3.rel1.win32_1.0.200.202406191623/tools/bin/../lib/gcc/arm-none-eabi/12.3.1/../../../../arm-none-eabi/lib/thumb/v7e-m+dp/hard\libc_nano.a(libc_a-memset.o)
 .debug_frame   0x00004528       0x2c C:/Moje_pliki/Programy/STM/STM32CubeIDE/plugins/com.st.stm32cube.ide.mcu.externaltools.gnu-tools-for-stm32.12.3.rel1.win32_1.0.200.202406191623/tools/bin/../lib/gcc/arm-none-eabi/12.3.1/../../../../arm-none-eabi/lib/thumb/v7e-m+dp/hard\libc_nano.a(libc_a-init.o)
 .debug_frame   0x00004554       0x28 C:/Moje_pliki/Programy/STM/STM32CubeIDE/plugins/com.st.stm32cube.ide.mcu.externaltools.gnu-tools-for-stm32.12.3.rel1.win32_1.0.200.202406191623/tools/bin/../lib/gcc/arm-none-eabi/12.3.1/../../../../arm-none-eabi/lib/thumb/v7e-m+dp/hard\libc_nano.a(libc_a-memcpy-stub.o)
 .debug_frame   0x0000457c       0x2c C:/Moje_pliki/Programy/STM/STM32CubeIDE/plugins/com.st.stm32cube.ide.mcu.externaltools.gnu-tools-for-stm32.12.3.rel1.win32_1.0.200.202406191623/tools/bin/../lib/gcc/arm-none-eabi/12.3.1/thumb/v7e-m+dp/hard\libgcc.a(_aeabi_uldivmod.o)
 .debug_frame   0x000045a8       0x34 C:/Moje_pliki/Programy/STM/STM32CubeIDE/plugins/com.st.stm32cube.ide.mcu.externaltools.gnu-tools-for-stm32.12.3.rel1.win32_1.0.200.202406191623/tools/bin/../lib/gcc/arm-none-eabi/12.3.1/thumb/v7e-m+dp/hard\libgcc.a(_udivmoddi4.o)

.debug_line_str
                0x00000000       0x60
 .debug_line_str
                0x00000000       0x60 ./Core/Startup/startup_stm32h7s3l8hx.o
